Archive member included to satisfy reference by file (symbol)

C:/ST/STM32CubeIDE_1.15.0/STM32CubeIDE/plugins/com.st.stm32cube.ide.mcu.externaltools.gnu-tools-for-stm32.13.3.rel1.win32_1.0.0.202411081344/tools/bin/../lib/gcc/arm-none-eabi/13.3.1/../../../../arm-none-eabi/lib/thumb/v7e-m+dp/hard\libc_nano.a(libc_a-exit.o)
                              C:/ST/STM32CubeIDE_1.15.0/STM32CubeIDE/plugins/com.st.stm32cube.ide.mcu.externaltools.gnu-tools-for-stm32.13.3.rel1.win32_1.0.0.202411081344/tools/bin/../lib/gcc/arm-none-eabi/13.3.1/../../../../arm-none-eabi/lib/thumb/v7e-m+dp/hard/crt0.o (exit)
C:/ST/STM32CubeIDE_1.15.0/STM32CubeIDE/plugins/com.st.stm32cube.ide.mcu.externaltools.gnu-tools-for-stm32.13.3.rel1.win32_1.0.0.202411081344/tools/bin/../lib/gcc/arm-none-eabi/13.3.1/../../../../arm-none-eabi/lib/thumb/v7e-m+dp/hard\libc_nano.a(libc_a-findfp.o)
                              C:/ST/STM32CubeIDE_1.15.0/STM32CubeIDE/plugins/com.st.stm32cube.ide.mcu.externaltools.gnu-tools-for-stm32.13.3.rel1.win32_1.0.0.202411081344/tools/bin/../lib/gcc/arm-none-eabi/13.3.1/../../../../arm-none-eabi/lib/thumb/v7e-m+dp/hard\libc_nano.a(libc_a-exit.o) (__stdio_exit_handler)
C:/ST/STM32CubeIDE_1.15.0/STM32CubeIDE/plugins/com.st.stm32cube.ide.mcu.externaltools.gnu-tools-for-stm32.13.3.rel1.win32_1.0.0.202411081344/tools/bin/../lib/gcc/arm-none-eabi/13.3.1/../../../../arm-none-eabi/lib/thumb/v7e-m+dp/hard\libc_nano.a(libc_a-fwalk.o)
                              C:/ST/STM32CubeIDE_1.15.0/STM32CubeIDE/plugins/com.st.stm32cube.ide.mcu.externaltools.gnu-tools-for-stm32.13.3.rel1.win32_1.0.0.202411081344/tools/bin/../lib/gcc/arm-none-eabi/13.3.1/../../../../arm-none-eabi/lib/thumb/v7e-m+dp/hard\libc_nano.a(libc_a-findfp.o) (_fwalk_sglue)
C:/ST/STM32CubeIDE_1.15.0/STM32CubeIDE/plugins/com.st.stm32cube.ide.mcu.externaltools.gnu-tools-for-stm32.13.3.rel1.win32_1.0.0.202411081344/tools/bin/../lib/gcc/arm-none-eabi/13.3.1/../../../../arm-none-eabi/lib/thumb/v7e-m+dp/hard\libc_nano.a(libc_a-stdio.o)
                              C:/ST/STM32CubeIDE_1.15.0/STM32CubeIDE/plugins/com.st.stm32cube.ide.mcu.externaltools.gnu-tools-for-stm32.13.3.rel1.win32_1.0.0.202411081344/tools/bin/../lib/gcc/arm-none-eabi/13.3.1/../../../../arm-none-eabi/lib/thumb/v7e-m+dp/hard\libc_nano.a(libc_a-findfp.o) (__sread)
C:/ST/STM32CubeIDE_1.15.0/STM32CubeIDE/plugins/com.st.stm32cube.ide.mcu.externaltools.gnu-tools-for-stm32.13.3.rel1.win32_1.0.0.202411081344/tools/bin/../lib/gcc/arm-none-eabi/13.3.1/../../../../arm-none-eabi/lib/thumb/v7e-m+dp/hard\libc_nano.a(libc_a-memset.o)
                              C:/ST/STM32CubeIDE_1.15.0/STM32CubeIDE/plugins/com.st.stm32cube.ide.mcu.externaltools.gnu-tools-for-stm32.13.3.rel1.win32_1.0.0.202411081344/tools/bin/../lib/gcc/arm-none-eabi/13.3.1/../../../../arm-none-eabi/lib/thumb/v7e-m+dp/hard/crt0.o (memset)
C:/ST/STM32CubeIDE_1.15.0/STM32CubeIDE/plugins/com.st.stm32cube.ide.mcu.externaltools.gnu-tools-for-stm32.13.3.rel1.win32_1.0.0.202411081344/tools/bin/../lib/gcc/arm-none-eabi/13.3.1/../../../../arm-none-eabi/lib/thumb/v7e-m+dp/hard\libc_nano.a(libc_a-closer.o)
                              C:/ST/STM32CubeIDE_1.15.0/STM32CubeIDE/plugins/com.st.stm32cube.ide.mcu.externaltools.gnu-tools-for-stm32.13.3.rel1.win32_1.0.0.202411081344/tools/bin/../lib/gcc/arm-none-eabi/13.3.1/../../../../arm-none-eabi/lib/thumb/v7e-m+dp/hard\libc_nano.a(libc_a-stdio.o) (_close_r)
C:/ST/STM32CubeIDE_1.15.0/STM32CubeIDE/plugins/com.st.stm32cube.ide.mcu.externaltools.gnu-tools-for-stm32.13.3.rel1.win32_1.0.0.202411081344/tools/bin/../lib/gcc/arm-none-eabi/13.3.1/../../../../arm-none-eabi/lib/thumb/v7e-m+dp/hard\libc_nano.a(libc_a-reent.o)
                              C:/ST/STM32CubeIDE_1.15.0/STM32CubeIDE/plugins/com.st.stm32cube.ide.mcu.externaltools.gnu-tools-for-stm32.13.3.rel1.win32_1.0.0.202411081344/tools/bin/../lib/gcc/arm-none-eabi/13.3.1/../../../../arm-none-eabi/lib/thumb/v7e-m+dp/hard\libc_nano.a(libc_a-closer.o) (errno)
C:/ST/STM32CubeIDE_1.15.0/STM32CubeIDE/plugins/com.st.stm32cube.ide.mcu.externaltools.gnu-tools-for-stm32.13.3.rel1.win32_1.0.0.202411081344/tools/bin/../lib/gcc/arm-none-eabi/13.3.1/../../../../arm-none-eabi/lib/thumb/v7e-m+dp/hard\libc_nano.a(libc_a-impure.o)
                              C:/ST/STM32CubeIDE_1.15.0/STM32CubeIDE/plugins/com.st.stm32cube.ide.mcu.externaltools.gnu-tools-for-stm32.13.3.rel1.win32_1.0.0.202411081344/tools/bin/../lib/gcc/arm-none-eabi/13.3.1/../../../../arm-none-eabi/lib/thumb/v7e-m+dp/hard\libc_nano.a(libc_a-reent.o) (_impure_ptr)
C:/ST/STM32CubeIDE_1.15.0/STM32CubeIDE/plugins/com.st.stm32cube.ide.mcu.externaltools.gnu-tools-for-stm32.13.3.rel1.win32_1.0.0.202411081344/tools/bin/../lib/gcc/arm-none-eabi/13.3.1/../../../../arm-none-eabi/lib/thumb/v7e-m+dp/hard\libc_nano.a(libc_a-lseekr.o)
[...]
Memory Configuration

Name             Origin             Length             Attributes
FLASH            0x08000000         0x00200000         xr
DTCMRAM          0x20000000         0x00020000         xrw
RAM_D1           0x24000000         0x00080000         xrw
RAM_D2           0x30000000         0x00048000         xrw
RAM_D3           0x38000000         0x00010000         xrw
ITCMRAM          0x00000000         0x00010000         xrw
*default*        0x00000000         0xffffffff

Linker script and memory map

LOAD C:/ST/STM32CubeIDE_1.15.0/STM32CubeIDE/plugins/com.st.stm32cube.ide.mcu.externaltools.gnu-tools-for-stm32.13.3.rel1.win32_1.0.0.202411081344/tools/bin/../lib/gcc/arm-none-eabi/13.3.1/thumb/v7e-m+dp/hard/crti.o
LOAD C:/ST/STM32CubeIDE_1.15.0/STM32CubeIDE/plugins/com.st.stm32cube.ide.mcu.externaltools.gnu-tools-for-stm32.13.3.rel1.win32_1.0.0.202411081344/tools/bin/../lib/gcc/arm-none-eabi/13.3.1/thumb/v7e-m+dp/hard/crtbegin.o
LOAD C:/ST/STM32CubeIDE_1.15.0/STM32CubeIDE/plugins/com.st.stm32cube.ide.mcu.externaltools.gnu-tools-for-stm32.13.3.rel1.win32_1.0.0.202411081344/tools/bin/../lib/gcc/arm-none-eabi/13.3.1/../../../../arm-none-eabi/lib/thumb/v7e-m+dp/hard/crt0.o
LOAD ./Core/Src/freertos.o
LOAD ./Core/Src/main.o
LOAD ./Core/Src/stm32h7xx_hal_msp.o
LOAD ./Core/Src/stm32h7xx_it.o
LOAD ./Core/Src/syscalls.o
LOAD ./Core/Src/sysmem.o
LOAD ./Core/Src/system_stm32h7xx.o
LOAD ./Core/Startup/startup_stm32h743zitx.o
LOAD ./Drivers/BSP/STM32H7xx_Nucleo/stm32h7xx_nucleo.o
LOAD ./Drivers/STM32H7xx_HAL_Driver/Src/stm32h7xx_hal.o
LOAD ./Drivers/STM32H7xx_HAL_Driver/Src/stm32h7xx_hal_cortex.o
LOAD ./Drivers/STM32H7xx_HAL_Driver/Src/stm32h7xx_hal_dma.o
LOAD ./Drivers/STM32H7xx_HAL_Driver/Src/stm32h7xx_hal_dma_ex.o
LOAD ./Drivers/STM32H7xx_HAL_Driver/Src/stm32h7xx_hal_exti.o
LOAD ./Drivers/STM32H7xx_HAL_Driver/Src/stm32h7xx_hal_flash.o
LOAD ./Drivers/STM32H7xx_HAL_Driver/Src/stm32h7xx_hal_flash_ex.o
LOAD ./Drivers/STM32H7xx_HAL_Driver/Src/stm32h7xx_hal_gpio.o
LOAD ./Drivers/STM32H7xx_HAL_Driver/Src/stm32h7xx_hal_hsem.o
LOAD ./Drivers/STM32H7xx_HAL_Driver/Src/stm32h7xx_hal_i2c.o
LOAD ./Drivers/STM32H7xx_HAL_Driver/Src/stm32h7xx_hal_i2c_ex.o
LOAD ./Drivers/STM32H7xx_HAL_Driver/Src/stm32h7xx_hal_mdma.o
LOAD ./Drivers/STM32H7xx_HAL_Driver/Src/stm32h7xx_hal_pwr.o
LOAD ./Drivers/STM32H7xx_HAL_Driver/Src/stm32h7xx_hal_pwr_ex.o
LOAD ./Drivers/STM32H7xx_HAL_Driver/Src/stm32h7xx_hal_rcc.o
LOAD ./Drivers/STM32H7xx_HAL_Driver/Src/stm32h7xx_hal_rcc_ex.o
LOAD ./Drivers/STM32H7xx_HAL_Driver/Src/stm32h7xx_hal_tim.o
LOAD ./Drivers/STM32H7xx_HAL_Driver/Src/stm32h7xx_hal_tim_ex.o
LOAD ./Drivers/STM32H7xx_HAL_Driver/Src/stm32h7xx_hal_uart.o
LOAD ./Drivers/STM32H7xx_HAL_Driver/Src/stm32h7xx_hal_uart_ex.o
LOAD ./Drivers/STM32H7xx_HAL_Driver/Src/stm32h7xx_hal_usart.o
LOAD ./Drivers/STM32H7xx_HAL_Driver/Src/stm32h7xx_hal_usart_ex.o
LOAD ./Middlewares/Third_Party/FreeRTOS/Source/CMSIS_RTOS_V2/cmsis_os2.o
LOAD ./Middlewares/Third_Party/FreeRTOS/Source/croutine.o
LOAD ./Middlewares/Third_Party/FreeRTOS/Source/event_groups.o
LOAD ./Middlewares/Third_Party/FreeRTOS/Source/list.o
LOAD ./Middlewares/Third_Party/FreeRTOS/Source/queue.o
LOAD ./Middlewares/Third_Party/FreeRTOS/Source/stream_buffer.o
LOAD ./Middlewares/Third_Party/FreeRTOS/Source/tasks.o
LOAD ./Middlewares/Third_Party/FreeRTOS/Source/timers.o
LOAD ./Middlewares/Third_Party/FreeRTOS/Source/portable/GCC/ARM_CM4F/port.o
LOAD ./Middlewares/Third_Party/FreeRTOS/Source/portable/MemMang/heap_4.o
START GROUP
LOAD C:/ST/STM32CubeIDE_1.15.0/STM32CubeIDE/plugins/com.st.stm32cube.ide.mcu.externaltools.gnu-tools-for-stm32.13.3.rel1.win32_1.0.0.202411081344/tools/bin/../lib/gcc/arm-none-eabi/13.3.1/../../../../arm-none-eabi/lib/thumb/v7e-m+dp/hard\libc_nano.a
LOAD C:/ST/STM32CubeIDE_1.15.0/STM32CubeIDE/plugins/com.st.stm32cube.ide.mcu.externaltools.gnu-tools-for-stm32.13.3.rel1.win32_1.0.0.202411081344/tools/bin/../lib/gcc/arm-none-eabi/13.3.1/../../../../arm-none-eabi/lib/thumb/v7e-m+dp/hard\libm.a
END GROUP
START GROUP
LOAD C:/ST/STM32CubeIDE_1.15.0/STM32CubeIDE/plugins/com.st.stm32cube.ide.mcu.externaltools.gnu-tools-for-stm32.13.3.rel1.win32_1.0.0.202411081344/tools/bin/../lib/gcc/arm-none-eabi/13.3.1/thumb/v7e-m+dp/hard\libgcc.a
LOAD C:/ST/STM32CubeIDE_1.15.0/STM32CubeIDE/plugins/com.st.stm32cube.ide.mcu.externaltools.gnu-tools-for-stm32.13.3.rel1.win32_1.0.0.202411081344/tools/bin/../lib/gcc/arm-none-eabi/13.3.1/../../../../arm-none-eabi/lib/thumb/v7e-m+dp/hard\libc_nano.a
END GROUP
START GROUP
LOAD C:/ST/STM32CubeIDE_1.15.0/STM32CubeIDE/plugins/com.st.stm32cube.ide.mcu.externaltools.gnu-tools-for-stm32.13.3.rel1.win32_1.0.0.202411081344/tools/bin/../lib/gcc/arm-none-eabi/13.3.1/thumb/v7e-m+dp/hard\libgcc.a
LOAD C:/ST/STM32CubeIDE_1.15.0/STM32CubeIDE/plugins/com.st.stm32cube.ide.mcu.externaltools.gnu-tools-for-stm32.13.3.rel1.win32_1.0.0.202411081344/tools/bin/../lib/gcc/arm-none-eabi/13.3.1/../../../../arm-none-eabi/lib/thumb/v7e-m+dp/hard\libc_nano.a
LOAD C:/ST/STM32CubeIDE_1.15.0/STM32CubeIDE/plugins/com.st.stm32cube.ide.mcu.externaltools.gnu-tools-for-stm32.13.3.rel1.win32_1.0.0.202411081344/tools/bin/../lib/gcc/arm-none-eabi/13.3.1/../../../../arm-none-eabi/lib/thumb/v7e-m+dp/hard\libnosys.a
END GROUP
START GROUP
LOAD C:/ST/STM32CubeIDE_1.15.0/STM32CubeIDE/plugins/com.st.stm32cube.ide.mcu.externaltools.gnu-tools-for-stm32.13.3.rel1.win32_1.0.0.202411081344/tools/bin/../lib/gcc/arm-none-eabi/13.3.1/thumb/v7e-m+dp/hard\libgcc.a
LOAD C:/ST/STM32CubeIDE_1.15.0/STM32CubeIDE/plugins/com.st.stm32cube.ide.mcu.externaltools.gnu-tools-for-stm32.13.3.rel1.win32_1.0.0.202411081344/tools/bin/../lib/gcc/arm-none-eabi/13.3.1/../../../../arm-none-eabi/lib/thumb/v7e-m+dp/hard\libc_nano.a
LOAD C:/ST/STM32CubeIDE_1.15.0/STM32CubeIDE/plugins/com.st.stm32cube.ide.mcu.externaltools.gnu-tools-for-stm32.13.3.rel1.win32_1.0.0.202411081344/tools/bin/../lib/gcc/arm-none-eabi/13.3.1/../../../../arm-none-eabi/lib/thumb/v7e-m+dp/hard\libnosys.a
END GROUP
LOAD C:/ST/STM32CubeIDE_1.15.0/STM32CubeIDE/plugins/com.st.stm32cube.ide.mcu.externaltools.gnu-tools-for-stm32.13.3.rel1.win32_1.0.0.202411081344/tools/bin/../lib/gcc/arm-none-eabi/13.3.1/thumb/v7e-m+dp/hard/crtend.o
LOAD C:/ST/STM32CubeIDE_1.15.0/STM32CubeIDE/plugins/com.st.stm32cube.ide.mcu.externaltools.gnu-tools-for-stm32.13.3.rel1.win32_1.0.0.202411081344/tools/bin/../lib/gcc/arm-none-eabi/13.3.1/thumb/v7e-m+dp/hard/crtn.o
                0x24080000                        _estack = (ORIGIN (RAM_D1) + LENGTH (RAM_D1))
                0x00000200                        _Min_Heap_Size = 0x200
                0x00000400                        _Min_Stack_Size = 0x400

.isr_vector     0x08000000      0x298
                0x08000000                        . = ALIGN (0x4)
 *(.isr_vector)
 .isr_vector    0x08000000      0x298 ./Core/Startup/startup_stm32h743zitx.o
                0x08000000                g_pfnVectors
                0x08000298                        . = ALIGN (0x4)

.text           0x080002a0     0xb714
                0x080002a0                        . = ALIGN (0x4)
 *(.text)
 .text          0x080002a0       0x40 C:/ST/STM32CubeIDE_1.15.0/STM32CubeIDE/plugins/com.st.stm32cube.ide.mcu.externaltools.gnu-tools-for-stm32.13.3.rel1.win32_1.0.0.202411081344/tools/bin/../lib/gcc/arm-none-eabi/13.3.1/thumb/v7e-m+dp/hard/crtbegin.o
 .text          0x080002e0       0x30 C:/ST/STM32CubeIDE_1.15.0/STM32CubeIDE/plugins/com.st.stm32cube.ide.mcu.externaltools.gnu-tools-for-stm32.13.3.rel1.win32_1.0.0.202411081344/tools/bin/../lib/gcc/arm-none-eabi/13.3.1/thumb/v7e-m+dp/hard\libgcc.a(_aeabi_uldivmod.o)
                0x080002e0                __aeabi_uldivmod
 .text          0x08000310      0x2f8 C:/ST/STM32CubeIDE_1.15.0/STM32CubeIDE/plugins/com.st.stm32cube.ide.mcu.externaltools.gnu-tools-for-stm32.13.3.rel1.win32_1.0.0.202411081344/tools/bin/../lib/gcc/arm-none-eabi/13.3.1/thumb/v7e-m+dp/hard\libgcc.a(_udivmoddi4.o)
                0x08000310                __udivmoddi4
 .text          0x08000608        0x4 C:/ST/STM32CubeIDE_1.15.0/STM32CubeIDE/plugins/com.st.stm32cube.ide.mcu.externaltools.gnu-tools-for-stm32.13.3.rel1.win32_1.0.0.202411081344/tools/bin/../lib/gcc/arm-none-eabi/13.3.1/thumb/v7e-m+dp/hard\libgcc.a(_dvmd_tls.o)
                0x08000608                __aeabi_idiv0
                0x08000608                __aeabi_ldiv0
 *(.text*)
 .text.ProcessFrame
                0x0800060c       0x62 ./Core/Src/main.o
                0x0800060c                ProcessFrame
 *fill*         0x0800066e        0x2 
 .text.StartUARTEchoTask
                0x08000670       0x5c ./Core/Src/main.o
                0x08000670                StartUARTEchoTask
 .text.main     0x080006cc       0xd4 ./Core/Src/main.o
                0x080006cc                main
 .text.HAL_UART_RxCpltCallback
                0x080007a0       0x44 ./Core/Src/main.o
                0x080007a0                HAL_UART_RxCpltCallback
 .text.SystemClock_Config
                0x080007e4       0xd4 ./Core/Src/main.o
                0x080007e4                SystemClock_Config
 .text.MX_USART1_UART_Init
                0x080008b8       0x98 ./Core/Src/main.o
 .text.MX_GPIO_Init
                0x08000950       0x90 ./Core/Src/main.o
 .text.StartDefaultTask
                0x080009e0       0xd0 ./Core/Src/main.o
                0x080009e0                StartDefaultTask
 .text.SbuttonTask
                0x08000ab0       0x1c ./Core/Src/main.o
                0x08000ab0                SbuttonTask
 .text.MPU_Config
                0x08000acc       0x58 ./Core/Src/main.o
 .text.Error_Handler
                0x08000b24        0xc ./Core/Src/main.o
                0x08000b24                Error_Handler
 .text.HAL_MspInit
                0x08000b30       0x3c ./Core/Src/stm32h7xx_hal_msp.o
                0x08000b30                HAL_MspInit
 .text.HAL_UART_MspInit
                0x08000b6c      0x130 ./Core/Src/stm32h7xx_hal_msp.o
                0x08000b6c                HAL_UART_MspInit
 .text.NMI_Handler
                0x08000c9c        0x8 ./Core/Src/stm32h7xx_it.o
                0x08000c9c                NMI_Handler
 .text.HardFault_Handler
                0x08000ca4        0x8 ./Core/Src/stm32h7xx_it.o
                0x08000ca4                HardFault_Handler
 .text.MemManage_Handler
                0x08000cac        0x8 ./Core/Src/stm32h7xx_it.o
                0x08000cac                MemManage_Handler
 .text.BusFault_Handler
                0x08000cb4        0x8 ./Core/Src/stm32h7xx_it.o
                0x08000cb4                BusFault_Handler
 .text.UsageFault_Handler
                0x08000cbc        0x8 ./Core/Src/stm32h7xx_it.o
                0x08000cbc                UsageFault_Handler
 .text.DebugMon_Handler
                0x08000cc4        0xe ./Core/Src/stm32h7xx_it.o
                0x08000cc4                DebugMon_Handler
 .text.SysTick_Handler
                0x08000cd2       0x1a ./Core/Src/stm32h7xx_it.o
                0x08000cd2                SysTick_Handler
 .text.USART1_IRQHandler
                0x08000cec       0x14 ./Core/Src/stm32h7xx_it.o
                0x08000cec                USART1_IRQHandler
 .text.EXTI15_10_IRQHandler
                0x08000d00        0xe ./Core/Src/stm32h7xx_it.o
                0x08000d00                EXTI15_10_IRQHandler
 *fill*         0x08000d0e        0x2 
 .text.SystemInit
                0x08000d10      0x140 ./Core/Src/system_stm32h7xx.o
                0x08000d10                SystemInit
 .text.ExitRun0Mode
                0x08000e50       0x30 ./Core/Src/system_stm32h7xx.o
                0x08000e50                ExitRun0Mode
 .text.Reset_Handler
                0x08000e80       0x54 ./Core/Startup/startup_stm32h743zitx.o
                0x08000e80                Reset_Handler
 .text.Default_Handler
                0x08000ed4        0x2 ./Core/Startup/startup_stm32h743zitx.o
                0x08000ed4                RTC_Alarm_IRQHandler
                0x08000ed4                EXTI2_IRQHandler
                0x08000ed4                TIM8_CC_IRQHandler
                0x08000ed4                HRTIM1_Master_IRQHandler
                0x08000ed4                UART8_IRQHandler
                0x08000ed4                SPI4_IRQHandler
                0x08000ed4                TIM1_CC_IRQHandler
                0x08000ed4                BDMA_Channel6_IRQHandler
                0x08000ed4                DMA2_Stream5_IRQHandler
                0x08000ed4                HRTIM1_FLT_IRQHandler
                0x08000ed4                JPEG_IRQHandler
                0x08000ed4                DMA1_Stream5_IRQHandler
                0x08000ed4                BDMA_Channel1_IRQHandler
                0x08000ed4                HRTIM1_TIMD_IRQHandler
                0x08000ed4                TAMP_STAMP_IRQHandler
                0x08000ed4                EXTI3_IRQHandler
                0x08000ed4                LPTIM4_IRQHandler
                0x08000ed4                TIM8_TRG_COM_TIM14_IRQHandler
                0x08000ed4                LPTIM2_IRQHandler
                0x08000ed4                DFSDM1_FLT1_IRQHandler
                0x08000ed4                DMAMUX2_OVR_IRQHandler
                0x08000ed4                TIM8_UP_TIM13_IRQHandler
                0x08000ed4                I2C3_ER_IRQHandler
                0x08000ed4                DFSDM1_FLT2_IRQHandler
                0x08000ed4                MDMA_IRQHandler
                0x08000ed4                LPTIM3_IRQHandler
                0x08000ed4                HSEM1_IRQHandler
                0x08000ed4                EXTI0_IRQHandler
                0x08000ed4                I2C2_EV_IRQHandler
                0x08000ed4                DMA1_Stream2_IRQHandler
                0x08000ed4                FPU_IRQHandler
                0x08000ed4                OTG_HS_WKUP_IRQHandler
                0x08000ed4                FDCAN1_IT1_IRQHandler
                0x08000ed4                LTDC_ER_IRQHandler
                0x08000ed4                DMA2_Stream2_IRQHandler
                0x08000ed4                HRTIM1_TIME_IRQHandler
                0x08000ed4                SPI1_IRQHandler
                0x08000ed4                TIM6_DAC_IRQHandler
                0x08000ed4                DCMI_IRQHandler
                0x08000ed4                HRTIM1_TIMC_IRQHandler
                0x08000ed4                DMA2_Stream3_IRQHandler
                0x08000ed4                SAI2_IRQHandler
                0x08000ed4                DFSDM1_FLT3_IRQHandler
                0x08000ed4                USART6_IRQHandler
                0x08000ed4                TIM17_IRQHandler
                0x08000ed4                USART3_IRQHandler
                0x08000ed4                BDMA_Channel7_IRQHandler
                0x08000ed4                LPTIM5_IRQHandler
                0x08000ed4                UART5_IRQHandler
                0x08000ed4                ADC3_IRQHandler
                0x08000ed4                DMA2_Stream0_IRQHandler
                0x08000ed4                TIM4_IRQHandler
                0x08000ed4                BDMA_Channel2_IRQHandler
                0x08000ed4                QUADSPI_IRQHandler
                0x08000ed4                I2C1_EV_IRQHandler
                0x08000ed4                DMA1_Stream6_IRQHandler
                0x08000ed4                DMAMUX1_OVR_IRQHandler
                0x08000ed4                DMA1_Stream1_IRQHandler
                0x08000ed4                TIM16_IRQHandler
                0x08000ed4                UART4_IRQHandler
                0x08000ed4                BDMA_Channel5_IRQHandler
                0x08000ed4                TIM3_IRQHandler
                0x08000ed4                RCC_IRQHandler
                0x08000ed4                TIM8_BRK_TIM12_IRQHandler
                0x08000ed4                TIM1_TRG_COM_IRQHandler
                0x08000ed4                Default_Handler
                0x08000ed4                ECC_IRQHandler
                0x08000ed4                CEC_IRQHandler
                0x08000ed4                BDMA_Channel0_IRQHandler
                0x08000ed4                ADC_IRQHandler
                0x08000ed4                DMA1_Stream7_IRQHandler
                0x08000ed4                HRTIM1_TIMA_IRQHandler
                0x08000ed4                SPI5_IRQHandler
                0x08000ed4                TIM7_IRQHandler
                0x08000ed4                SDMMC1_IRQHandler
                0x08000ed4                TIM5_IRQHandler
                0x08000ed4                DMA2_Stream7_IRQHandler
                0x08000ed4                TIM15_IRQHandler
                0x08000ed4                PVD_AVD_IRQHandler
                0x08000ed4                I2C3_EV_IRQHandler
                0x08000ed4                EXTI9_5_IRQHandler
                0x08000ed4                RTC_WKUP_IRQHandler
                0x08000ed4                LTDC_IRQHandler
                0x08000ed4                SAI3_IRQHandler
                0x08000ed4                ETH_WKUP_IRQHandler
                0x08000ed4                SPDIF_RX_IRQHandler
                0x08000ed4                SPI2_IRQHandler
                0x08000ed4                OTG_HS_EP1_IN_IRQHandler
                0x08000ed4                DMA1_Stream0_IRQHandler
                0x08000ed4                CRS_IRQHandler
                0x08000ed4                EXTI4_IRQHandler
                0x08000ed4                RNG_IRQHandler
                0x08000ed4                HRTIM1_TIMB_IRQHandler
                0x08000ed4                FDCAN2_IT1_IRQHandler
                0x08000ed4                ETH_IRQHandler
                0x08000ed4                TIM1_UP_IRQHandler
                0x08000ed4                BDMA_Channel4_IRQHandler
                0x08000ed4                OTG_HS_EP1_OUT_IRQHandler
                0x08000ed4                WWDG_IRQHandler
                0x08000ed4                SPI6_IRQHandler
                0x08000ed4                MDIOS_IRQHandler
                0x08000ed4                I2C4_EV_IRQHandler
                0x08000ed4                FDCAN2_IT0_IRQHandler
                0x08000ed4                LPUART1_IRQHandler
                0x08000ed4                FDCAN1_IT0_IRQHandler
                0x08000ed4                TIM2_IRQHandler
                0x08000ed4                OTG_FS_WKUP_IRQHandler
                0x08000ed4                OTG_HS_IRQHandler
                0x08000ed4                DMA2D_IRQHandler
                0x08000ed4                TIM1_BRK_IRQHandler
                0x08000ed4                EXTI1_IRQHandler
                0x08000ed4                SDMMC2_IRQHandler
                0x08000ed4                OTG_FS_EP1_OUT_IRQHandler
                0x08000ed4                BDMA_Channel3_IRQHandler
                0x08000ed4                UART7_IRQHandler
                0x08000ed4                MDIOS_WKUP_IRQHandler
                0x08000ed4                USART2_IRQHandler
                0x08000ed4                DFSDM1_FLT0_IRQHandler
                0x08000ed4                SAI4_IRQHandler
                0x08000ed4                I2C2_ER_IRQHandler
                0x08000ed4                DMA2_Stream1_IRQHandler
                0x08000ed4                FLASH_IRQHandler
                0x08000ed4                DMA2_Stream4_IRQHandler
                0x08000ed4                OTG_FS_IRQHandler
                0x08000ed4                SPI3_IRQHandler
                0x08000ed4                WAKEUP_PIN_IRQHandler
                0x08000ed4                DMA1_Stream4_IRQHandler
                0x08000ed4                OTG_FS_EP1_IN_IRQHandler
                0x08000ed4                I2C1_ER_IRQHandler
                0x08000ed4                FMC_IRQHandler
                0x08000ed4                FDCAN_CAL_IRQHandler
                0x08000ed4                SWPMI1_IRQHandler
                0x08000ed4                COMP1_IRQHandler
                0x08000ed4                LPTIM1_IRQHandler
                0x08000ed4                I2C4_ER_IRQHandler
                0x08000ed4                DMA2_Stream6_IRQHandler
                0x08000ed4                SAI1_IRQHandler
                0x08000ed4                DMA1_Stream3_IRQHandler
 *fill*         0x08000ed6        0x2 
 .text.BSP_LED_Init
                0x08000ed8       0xec ./Drivers/BSP/STM32H7xx_Nucleo/stm32h7xx_nucleo.o
                0x08000ed8                BSP_LED_Init
 .text.BSP_LED_On
                0x08000fc4       0x54 ./Drivers/BSP/STM32H7xx_Nucleo/stm32h7xx_nucleo.o
                0x08000fc4                BSP_LED_On
 .text.BSP_LED_Off
                0x08001018       0x54 ./Drivers/BSP/STM32H7xx_Nucleo/stm32h7xx_nucleo.o
                0x08001018                BSP_LED_Off
 .text.BSP_LED_Toggle
                0x0800106c       0x54 ./Drivers/BSP/STM32H7xx_Nucleo/stm32h7xx_nucleo.o
                0x0800106c                BSP_LED_Toggle
 .text.BSP_PB_Init
                0x080010c0       0xe4 ./Drivers/BSP/STM32H7xx_Nucleo/stm32h7xx_nucleo.o
                0x080010c0                BSP_PB_Init
 .text.BSP_PB_GetState
                0x080011a4       0x2c ./Drivers/BSP/STM32H7xx_Nucleo/stm32h7xx_nucleo.o
                0x080011a4                BSP_PB_GetState
 .text.BSP_PB_IRQHandler
                0x080011d0       0x24 ./Drivers/BSP/STM32H7xx_Nucleo/stm32h7xx_nucleo.o
                0x080011d0                BSP_PB_IRQHandler
 .text.BSP_PB_Callback
                0x080011f4       0x16 ./Drivers/BSP/STM32H7xx_Nucleo/stm32h7xx_nucleo.o
                0x080011f4                BSP_PB_Callback
 .text.BUTTON_USER_EXTI_Callback
                0x0800120a        0xe ./Drivers/BSP/STM32H7xx_Nucleo/stm32h7xx_nucleo.o
 .text.HAL_Init
                0x08001218       0x78 ./Drivers/STM32H7xx_HAL_Driver/Src/stm32h7xx_hal.o
                0x08001218                HAL_Init
 .text.HAL_InitTick
                0x08001290       0x6c ./Drivers/STM32H7xx_HAL_Driver/Src/stm32h7xx_hal.o
                0x08001290                HAL_InitTick
 .text.HAL_IncTick
                0x080012fc       0x28 ./Drivers/STM32H7xx_HAL_Driver/Src/stm32h7xx_hal.o
                0x080012fc                HAL_IncTick
 .text.HAL_GetTick
                0x08001324       0x18 ./Drivers/STM32H7xx_HAL_Driver/Src/stm32h7xx_hal.o
                0x08001324                HAL_GetTick
 .text.HAL_GetREVID
                0x0800133c       0x18 ./Drivers/STM32H7xx_HAL_Driver/Src/stm32h7xx_hal.o
                0x0800133c                HAL_GetREVID
 .text.__NVIC_SetPriorityGrouping
                0x08001354       0x48 ./Drivers/STM32H7xx_HAL_Driver/Src/stm32h7xx_hal_cortex.o
 .text.__NVIC_GetPriorityGrouping
                0x0800139c       0x1c ./Drivers/STM32H7xx_HAL_Driver/Src/stm32h7xx_hal_cortex.o
 .text.__NVIC_EnableIRQ
                0x080013b8       0x3c ./Drivers/STM32H7xx_HAL_Driver/Src/stm32h7xx_hal_cortex.o
 .text.__NVIC_SetPriority
                0x080013f4       0x54 ./Drivers/STM32H7xx_HAL_Driver/Src/stm32h7xx_hal_cortex.o
 .text.NVIC_EncodePriority
                0x08001448       0x66 ./Drivers/STM32H7xx_HAL_Driver/Src/stm32h7xx_hal_cortex.o
 *fill*         0x080014ae        0x2 
 .text.SysTick_Config
                0x080014b0       0x44 ./Drivers/STM32H7xx_HAL_Driver/Src/stm32h7xx_hal_cortex.o
 .text.HAL_NVIC_SetPriorityGrouping
                0x080014f4       0x16 ./Drivers/STM32H7xx_HAL_Driver/Src/stm32h7xx_hal_cortex.o
                0x080014f4                HAL_NVIC_SetPriorityGrouping
 .text.HAL_NVIC_SetPriority
                0x0800150a       0x34 ./Drivers/STM32H7xx_HAL_Driver/Src/stm32h7xx_hal_cortex.o
                0x0800150a                HAL_NVIC_SetPriority
 .text.HAL_NVIC_EnableIRQ
                0x0800153e       0x1c ./Drivers/STM32H7xx_HAL_Driver/Src/stm32h7xx_hal_cortex.o
                0x0800153e                HAL_NVIC_EnableIRQ
 .text.HAL_SYSTICK_Config
                0x0800155a       0x18 ./Drivers/STM32H7xx_HAL_Driver/Src/stm32h7xx_hal_cortex.o
                0x0800155a                HAL_SYSTICK_Config
 *fill*         0x08001572        0x2 
 .text.HAL_MPU_Disable
                0x08001574       0x30 ./Drivers/STM32H7xx_HAL_Driver/Src/stm32h7xx_hal_cortex.o
                0x08001574                HAL_MPU_Disable
 .text.HAL_MPU_Enable
                0x080015a4       0x40 ./Drivers/STM32H7xx_HAL_Driver/Src/stm32h7xx_hal_cortex.o
                0x080015a4                HAL_MPU_Enable
 .text.HAL_MPU_ConfigRegion
                0x080015e4       0x80 ./Drivers/STM32H7xx_HAL_Driver/Src/stm32h7xx_hal_cortex.o
                0x080015e4                HAL_MPU_ConfigRegion
 .text.HAL_DMA_Abort
                0x08001664      0x63c ./Drivers/STM32H7xx_HAL_Driver/Src/stm32h7xx_hal_dma.o
                0x08001664                HAL_DMA_Abort
 .text.HAL_DMA_Abort_IT
                0x08001ca0      0x48c ./Drivers/STM32H7xx_HAL_Driver/Src/stm32h7xx_hal_dma.o
                0x08001ca0                HAL_DMA_Abort_IT
 .text.HAL_EXTI_RegisterCallback
                0x0800212c       0x3e ./Drivers/STM32H7xx_HAL_Driver/Src/stm32h7xx_hal_exti.o
                0x0800212c                HAL_EXTI_RegisterCallback
 .text.HAL_EXTI_GetHandle
                0x0800216a       0x28 ./Drivers/STM32H7xx_HAL_Driver/Src/stm32h7xx_hal_exti.o
                0x0800216a                HAL_EXTI_GetHandle
 *fill*         0x08002192        0x2 
 .text.HAL_EXTI_IRQHandler
                0x08002194       0x60 ./Drivers/STM32H7xx_HAL_Driver/Src/stm32h7xx_hal_exti.o
                0x08002194                HAL_EXTI_IRQHandler
 .text.HAL_GPIO_Init
                0x080021f4      0x360 ./Drivers/STM32H7xx_HAL_Driver/Src/stm32h7xx_hal_gpio.o
                0x080021f4                HAL_GPIO_Init
 .text.HAL_GPIO_ReadPin
                0x08002554       0x30 ./Drivers/STM32H7xx_HAL_Driver/Src/stm32h7xx_hal_gpio.o
                0x08002554                HAL_GPIO_ReadPin
 .text.HAL_GPIO_WritePin
                0x08002584       0x32 ./Drivers/STM32H7xx_HAL_Driver/Src/stm32h7xx_hal_gpio.o
                0x08002584                HAL_GPIO_WritePin
 .text.HAL_GPIO_TogglePin
                0x080025b6       0x34 ./Drivers/STM32H7xx_HAL_Driver/Src/stm32h7xx_hal_gpio.o
                0x080025b6                HAL_GPIO_TogglePin
 *fill*         0x080025ea        0x2 
 .text.HAL_PWREx_ConfigSupply
                0x080025ec       0x74 ./Drivers/STM32H7xx_HAL_Driver/Src/stm32h7xx_hal_pwr_ex.o
                0x080025ec                HAL_PWREx_ConfigSupply
 .text.HAL_RCC_OscConfig
                0x08002660      0x8b4 ./Drivers/STM32H7xx_HAL_Driver/Src/stm32h7xx_hal_rcc.o
                0x08002660                HAL_RCC_OscConfig
 .text.HAL_RCC_ClockConfig
                0x08002f14      0x36c ./Drivers/STM32H7xx_HAL_Driver/Src/stm32h7xx_hal_rcc.o
                0x08002f14                HAL_RCC_ClockConfig
 .text.HAL_RCC_GetSysClockFreq
                0x08003280      0x2f4 ./Drivers/STM32H7xx_HAL_Driver/Src/stm32h7xx_hal_rcc.o
                0x08003280                HAL_RCC_GetSysClockFreq
 .text.HAL_RCC_GetHCLKFreq
                0x08003574       0x60 ./Drivers/STM32H7xx_HAL_Driver/Src/stm32h7xx_hal_rcc.o
                0x08003574                HAL_RCC_GetHCLKFreq
 .text.HAL_RCC_GetPCLK1Freq
                0x080035d4       0x2c ./Drivers/STM32H7xx_HAL_Driver/Src/stm32h7xx_hal_rcc.o
                0x080035d4                HAL_RCC_GetPCLK1Freq
 .text.HAL_RCC_GetPCLK2Freq
                0x08003600       0x2c ./Drivers/STM32H7xx_HAL_Driver/Src/stm32h7xx_hal_rcc.o
                0x08003600                HAL_RCC_GetPCLK2Freq
 .text.HAL_RCCEx_PeriphCLKConfig
                0x0800362c     0x1414 ./Drivers/STM32H7xx_HAL_Driver/Src/stm32h7xx_hal_rcc_ex.o
                0x0800362c                HAL_RCCEx_PeriphCLKConfig
 .text.HAL_RCCEx_GetD3PCLK1Freq
                0x08004a40       0x2c ./Drivers/STM32H7xx_HAL_Driver/Src/stm32h7xx_hal_rcc_ex.o
                0x08004a40                HAL_RCCEx_GetD3PCLK1Freq
 .text.HAL_RCCEx_GetPLL2ClockFreq
                0x08004a6c      0x2a8 ./Drivers/STM32H7xx_HAL_Driver/Src/stm32h7xx_hal_rcc_ex.o
                0x08004a6c                HAL_RCCEx_GetPLL2ClockFreq
 .text.HAL_RCCEx_GetPLL3ClockFreq
                0x08004d14      0x2a8 ./Drivers/STM32H7xx_HAL_Driver/Src/stm32h7xx_hal_rcc_ex.o
                0x08004d14                HAL_RCCEx_GetPLL3ClockFreq
 .text.RCCEx_PLL2_Config
                0x08004fbc      0x164 ./Drivers/STM32H7xx_HAL_Driver/Src/stm32h7xx_hal_rcc_ex.o
 .text.RCCEx_PLL3_Config
                0x08005120      0x164 ./Drivers/STM32H7xx_HAL_Driver/Src/stm32h7xx_hal_rcc_ex.o
 .text.HAL_UART_Init
                0x08005284       0xa0 ./Drivers/STM32H7xx_HAL_Driver/Src/stm32h7xx_hal_uart.o
                0x08005284                HAL_UART_Init
 .text.HAL_UART_Transmit
                0x08005324      0x11c ./Drivers/STM32H7xx_HAL_Driver/Src/stm32h7xx_hal_uart.o
                0x08005324                HAL_UART_Transmit
 .text.HAL_UART_Receive_IT
                0x08005440       0x98 ./Drivers/STM32H7xx_HAL_Driver/Src/stm32h7xx_hal_uart.o
                0x08005440                HAL_UART_Receive_IT
 .text.HAL_UART_IRQHandler
                0x080054d8      0x7ac ./Drivers/STM32H7xx_HAL_Driver/Src/stm32h7xx_hal_uart.o
                0x080054d8                HAL_UART_IRQHandler
 .text.HAL_UART_TxCpltCallback
                0x08005c84       0x14 ./Drivers/STM32H7xx_HAL_Driver/Src/stm32h7xx_hal_uart.o
                0x08005c84                HAL_UART_TxCpltCallback
 .text.HAL_UART_ErrorCallback
                0x08005c98       0x14 ./Drivers/STM32H7xx_HAL_Driver/Src/stm32h7xx_hal_uart.o
                0x08005c98                HAL_UART_ErrorCallback
 .text.HAL_UARTEx_RxEventCallback
                0x08005cac       0x18 ./Drivers/STM32H7xx_HAL_Driver/Src/stm32h7xx_hal_uart.o
                0x08005cac                HAL_UARTEx_RxEventCallback
 .text.UART_SetConfig
                0x08005cc4      0xad0 ./Drivers/STM32H7xx_HAL_Driver/Src/stm32h7xx_hal_uart.o
                0x08005cc4                UART_SetConfig
 .text.UART_AdvFeatureConfig
                0x08006794      0x144 ./Drivers/STM32H7xx_HAL_Driver/Src/stm32h7xx_hal_uart.o
                0x08006794                UART_AdvFeatureConfig
 .text.UART_CheckIdleState
                0x080068d8      0x154 ./Drivers/STM32H7xx_HAL_Driver/Src/stm32h7xx_hal_uart.o
                0x080068d8                UART_CheckIdleState
 .text.UART_WaitOnFlagUntilTimeout
                0x08006a2c       0xda ./Drivers/STM32H7xx_HAL_Driver/Src/stm32h7xx_hal_uart.o
                0x08006a2c                UART_WaitOnFlagUntilTimeout
 *fill*         0x08006b06        0x2 
 .text.UART_Start_Receive_IT
                0x08006b08      0x244 ./Drivers/STM32H7xx_HAL_Driver/Src/stm32h7xx_hal_uart.o
                0x08006b08                UART_Start_Receive_IT
 .text.UART_EndRxTransfer
                0x08006d4c       0xcc ./Drivers/STM32H7xx_HAL_Driver/Src/stm32h7xx_hal_uart.o
 .text.UART_DMAAbortOnError
                0x08006e18       0x24 ./Drivers/STM32H7xx_HAL_Driver/Src/stm32h7xx_hal_uart.o
 .text.UART_EndTransmit_IT
                0x08006e3c       0x56 ./Drivers/STM32H7xx_HAL_Driver/Src/stm32h7xx_hal_uart.o
 *fill*         0x08006e92        0x2 
 .text.UART_RxISR_8BIT
                0x08006e94      0x1b8 ./Drivers/STM32H7xx_HAL_Driver/Src/stm32h7xx_hal_uart.o
 .text.UART_RxISR_16BIT
                0x0800704c      0x1b8 ./Drivers/STM32H7xx_HAL_Driver/Src/stm32h7xx_hal_uart.o
 .text.UART_RxISR_8BIT_FIFOEN
                0x08007204      0x364 ./Drivers/STM32H7xx_HAL_Driver/Src/stm32h7xx_hal_uart.o
 .text.UART_RxISR_16BIT_FIFOEN
                0x08007568      0x36c ./Drivers/STM32H7xx_HAL_Driver/Src/stm32h7xx_hal_uart.o
 .text.HAL_UARTEx_WakeupCallback
                0x080078d4       0x14 ./Drivers/STM32H7xx_HAL_Driver/Src/stm32h7xx_hal_uart_ex.o
                0x080078d4                HAL_UARTEx_WakeupCallback
 .text.HAL_UARTEx_RxFifoFullCallback
                0x080078e8       0x14 ./Drivers/STM32H7xx_HAL_Driver/Src/stm32h7xx_hal_uart_ex.o
                0x080078e8                HAL_UARTEx_RxFifoFullCallback
 .text.HAL_UARTEx_TxFifoEmptyCallback
                0x080078fc       0x14 ./Drivers/STM32H7xx_HAL_Driver/Src/stm32h7xx_hal_uart_ex.o
                0x080078fc                HAL_UARTEx_TxFifoEmptyCallback
 .text.HAL_UARTEx_DisableFifoMode
                0x08007910       0x72 ./Drivers/STM32H7xx_HAL_Driver/Src/stm32h7xx_hal_uart_ex.o
                0x08007910                HAL_UARTEx_DisableFifoMode
 .text.HAL_UARTEx_SetTxFifoThreshold
                0x08007982       0x7c ./Drivers/STM32H7xx_HAL_Driver/Src/stm32h7xx_hal_uart_ex.o
                0x08007982                HAL_UARTEx_SetTxFifoThreshold
 .text.HAL_UARTEx_SetRxFifoThreshold
                0x080079fe       0x7c ./Drivers/STM32H7xx_HAL_Driver/Src/stm32h7xx_hal_uart_ex.o
                0x080079fe                HAL_UARTEx_SetRxFifoThreshold
 *fill*         0x08007a7a        0x2 
 .text.UARTEx_SetNbDataToProcess
                0x08007a7c       0x9c ./Drivers/STM32H7xx_HAL_Driver/Src/stm32h7xx_hal_uart_ex.o
 .text.__NVIC_SetPriority
                0x08007b18       0x54 ./Middlewares/Third_Party/FreeRTOS/Source/CMSIS_RTOS_V2/cmsis_os2.o
 .text.SVC_Setup
                0x08007b6c       0x12 ./Middlewares/Third_Party/FreeRTOS/Source/CMSIS_RTOS_V2/cmsis_os2.o
 *fill*         0x08007b7e        0x2 
 .text.osKernelInitialize
                0x08007b80       0x48 ./Middlewares/Third_Party/FreeRTOS/Source/CMSIS_RTOS_V2/cmsis_os2.o
                0x08007b80                osKernelInitialize
 .text.osKernelStart
                0x08007bc8       0x4c ./Middlewares/Third_Party/FreeRTOS/Source/CMSIS_RTOS_V2/cmsis_os2.o
                0x08007bc8                osKernelStart
 .text.osThreadNew
                0x08007c14      0x124 ./Middlewares/Third_Party/FreeRTOS/Source/CMSIS_RTOS_V2/cmsis_os2.o
                0x08007c14                osThreadNew
 .text.osEventFlagsNew
                0x08007d38       0x7e ./Middlewares/Third_Party/FreeRTOS/Source/CMSIS_RTOS_V2/cmsis_os2.o
                0x08007d38                osEventFlagsNew
 *fill*         0x08007db6        0x2 
 .text.osEventFlagsSet
                0x08007db8       0x84 ./Middlewares/Third_Party/FreeRTOS/Source/CMSIS_RTOS_V2/cmsis_os2.o
                0x08007db8                osEventFlagsSet
 .text.osEventFlagsWait
                0x08007e3c       0xca ./Middlewares/Third_Party/FreeRTOS/Source/CMSIS_RTOS_V2/cmsis_os2.o
                0x08007e3c                osEventFlagsWait
 .text.osMutexNew
                0x08007f06      0x10c ./Middlewares/Third_Party/FreeRTOS/Source/CMSIS_RTOS_V2/cmsis_os2.o
                0x08007f06                osMutexNew
 .text.osMutexAcquire
                0x08008012       0x96 ./Middlewares/Third_Party/FreeRTOS/Source/CMSIS_RTOS_V2/cmsis_os2.o
                0x08008012                osMutexAcquire
 .text.osMutexRelease
                0x080080a8       0x7a ./Middlewares/Third_Party/FreeRTOS/Source/CMSIS_RTOS_V2/cmsis_os2.o
                0x080080a8                osMutexRelease
 .text.osMessageQueueNew
                0x08008122       0xe6 ./Middlewares/Third_Party/FreeRTOS/Source/CMSIS_RTOS_V2/cmsis_os2.o
                0x08008122                osMessageQueueNew
 .text.osMessageQueuePut
                0x08008208       0xc0 ./Middlewares/Third_Party/FreeRTOS/Source/CMSIS_RTOS_V2/cmsis_os2.o
                0x08008208                osMessageQueuePut
 .text.osMessageQueueGet
                0x080082c8       0xbc ./Middlewares/Third_Party/FreeRTOS/Source/CMSIS_RTOS_V2/cmsis_os2.o
                0x080082c8                osMessageQueueGet
 .text.vApplicationGetIdleTaskMemory
                0x08008384       0x34 ./Middlewares/Third_Party/FreeRTOS/Source/CMSIS_RTOS_V2/cmsis_os2.o
                0x08008384                vApplicationGetIdleTaskMemory
 .text.vApplicationGetTimerTaskMemory
                0x080083b8       0x34 ./Middlewares/Third_Party/FreeRTOS/Source/CMSIS_RTOS_V2/cmsis_os2.o
                0x080083b8                vApplicationGetTimerTaskMemory
 .text.xEventGroupCreateStatic
                0x080083ec       0x72 ./Middlewares/Third_Party/FreeRTOS/Source/event_groups.o
                0x080083ec                xEventGroupCreateStatic
 .text.xEventGroupCreate
                0x0800845e       0x34 ./Middlewares/Third_Party/FreeRTOS/Source/event_groups.o
                0x0800845e                xEventGroupCreate
 *fill*         0x08008492        0x2 
 .text.xEventGroupWaitBits
                0x08008494      0x1a4 ./Middlewares/Third_Party/FreeRTOS/Source/event_groups.o
                0x08008494                xEventGroupWaitBits
 .text.xEventGroupSetBits
                0x08008638      0x118 ./Middlewares/Third_Party/FreeRTOS/Source/event_groups.o
                0x08008638                xEventGroupSetBits
 .text.vEventGroupSetBitsCallback
                0x08008750       0x1a ./Middlewares/Third_Party/FreeRTOS/Source/event_groups.o
                0x08008750                vEventGroupSetBitsCallback
 .text.prvTestWaitCondition
                0x0800876a       0x44 ./Middlewares/Third_Party/FreeRTOS/Source/event_groups.o
 *fill*         0x080087ae        0x2 
 .text.xEventGroupSetBitsFromISR
                0x080087b0       0x28 ./Middlewares/Third_Party/FreeRTOS/Source/event_groups.o
                0x080087b0                xEventGroupSetBitsFromISR
 .text.vListInitialise
                0x080087d8       0x40 ./Middlewares/Third_Party/FreeRTOS/Source/list.o
                0x080087d8                vListInitialise
 .text.vListInitialiseItem
                0x08008818       0x1a ./Middlewares/Third_Party/FreeRTOS/Source/list.o
                0x08008818                vListInitialiseItem
 .text.vListInsertEnd
                0x08008832       0x48 ./Middlewares/Third_Party/FreeRTOS/Source/list.o
                0x08008832                vListInsertEnd
 .text.vListInsert
                0x0800887a       0x72 ./Middlewares/Third_Party/FreeRTOS/Source/list.o
                0x0800887a                vListInsert
 .text.uxListRemove
                0x080088ec       0x54 ./Middlewares/Third_Party/FreeRTOS/Source/list.o
                0x080088ec                uxListRemove
 .text.xQueueGenericReset
                0x08008940       0xd4 ./Middlewares/Third_Party/FreeRTOS/Source/queue.o
                0x08008940                xQueueGenericReset
 .text.xQueueGenericCreateStatic
                0x08008a14       0xfa ./Middlewares/Third_Party/FreeRTOS/Source/queue.o
                0x08008a14                xQueueGenericCreateStatic
 .text.xQueueGenericCreate
                0x08008b0e       0x76 ./Middlewares/Third_Party/FreeRTOS/Source/queue.o
                0x08008b0e                xQueueGenericCreate
 .text.prvInitialiseNewQueue
                0x08008b84       0x46 ./Middlewares/Third_Party/FreeRTOS/Source/queue.o
 .text.prvInitialiseMutex
                0x08008bca       0x34 ./Middlewares/Third_Party/FreeRTOS/Source/queue.o
 .text.xQueueCreateMutex
                0x08008bfe       0x30 ./Middlewares/Third_Party/FreeRTOS/Source/queue.o
                0x08008bfe                xQueueCreateMutex
 .text.xQueueCreateMutexStatic
                0x08008c2e       0x36 ./Middlewares/Third_Party/FreeRTOS/Source/queue.o
                0x08008c2e                xQueueCreateMutexStatic
 .text.xQueueGiveMutexRecursive
                0x08008c64       0x6a ./Middlewares/Third_Party/FreeRTOS/Source/queue.o
                0x08008c64                xQueueGiveMutexRecursive
 .text.xQueueTakeMutexRecursive
                0x08008cce       0x6e ./Middlewares/Third_Party/FreeRTOS/Source/queue.o
                0x08008cce                xQueueTakeMutexRecursive
 .text.xQueueGenericSend
                0x08008d3c      0x204 ./Middlewares/Third_Party/FreeRTOS/Source/queue.o
                0x08008d3c                xQueueGenericSend
 .text.xQueueGenericSendFromISR
                0x08008f40      0x13c ./Middlewares/Third_Party/FreeRTOS/Source/queue.o
                0x08008f40                xQueueGenericSendFromISR
 .text.xQueueReceive
                0x0800907c      0x1c4 ./Middlewares/Third_Party/FreeRTOS/Source/queue.o
                0x0800907c                xQueueReceive
 .text.xQueueSemaphoreTake
                0x08009240      0x220 ./Middlewares/Third_Party/FreeRTOS/Source/queue.o
                0x08009240                xQueueSemaphoreTake
 .text.xQueueReceiveFromISR
                0x08009460      0x104 ./Middlewares/Third_Party/FreeRTOS/Source/queue.o
                0x08009460                xQueueReceiveFromISR
 .text.prvGetDisinheritPriorityAfterTimeout
                0x08009564       0x30 ./Middlewares/Third_Party/FreeRTOS/Source/queue.o
 .text.prvCopyDataToQueue
                0x08009594       0xd4 ./Middlewares/Third_Party/FreeRTOS/Source/queue.o
 .text.prvCopyDataFromQueue
                0x08009668       0x4c ./Middlewares/Third_Party/FreeRTOS/Source/queue.o
 .text.prvUnlockQueue
                0x080096b4       0xa4 ./Middlewares/Third_Party/FreeRTOS/Source/queue.o
 .text.prvIsQueueEmpty
                0x08009758       0x2c ./Middlewares/Third_Party/FreeRTOS/Source/queue.o
 .text.prvIsQueueFull
                0x08009784       0x30 ./Middlewares/Third_Party/FreeRTOS/Source/queue.o
 .text.vQueueAddToRegistry
                0x080097b4       0x54 ./Middlewares/Third_Party/FreeRTOS/Source/queue.o
                0x080097b4                vQueueAddToRegistry
 .text.vQueueWaitForMessageRestricted
                0x08009808       0x68 ./Middlewares/Third_Party/FreeRTOS/Source/queue.o
                0x08009808                vQueueWaitForMessageRestricted
 .text.xTaskCreateStatic
                0x08009870       0xc0 ./Middlewares/Third_Party/FreeRTOS/Source/tasks.o
                0x08009870                xTaskCreateStatic
 .text.xTaskCreate
                0x08009930       0x8a ./Middlewares/Third_Party/FreeRTOS/Source/tasks.o
                0x08009930                xTaskCreate
 .text.prvInitialiseNewTask
                0x080099ba      0x120 ./Middlewares/Third_Party/FreeRTOS/Source/tasks.o
 *fill*         0x08009ada        0x2 
 .text.prvAddNewTaskToReadyList
                0x08009adc       0xe0 ./Middlewares/Third_Party/FreeRTOS/Source/tasks.o
 .text.vTaskStartScheduler
                0x08009bbc       0xd0 ./Middlewares/Third_Party/FreeRTOS/Source/tasks.o
                0x08009bbc                vTaskStartScheduler
 .text.vTaskSuspendAll
                0x08009c8c       0x1c ./Middlewares/Third_Party/FreeRTOS/Source/tasks.o
                0x08009c8c                vTaskSuspendAll
 .text.xTaskResumeAll
                0x08009ca8      0x13c ./Middlewares/Third_Party/FreeRTOS/Source/tasks.o
                0x08009ca8                xTaskResumeAll
 .text.xTaskGetTickCount
                0x08009de4       0x20 ./Middlewares/Third_Party/FreeRTOS/Source/tasks.o
                0x08009de4                xTaskGetTickCount
 .text.xTaskIncrementTick
                0x08009e04      0x174 ./Middlewares/Third_Party/FreeRTOS/Source/tasks.o
                0x08009e04                xTaskIncrementTick
 .text.vTaskSwitchContext
                0x08009f78       0xbc ./Middlewares/Third_Party/FreeRTOS/Source/tasks.o
                0x08009f78                vTaskSwitchContext
 .text.vTaskPlaceOnEventList
                0x0800a034       0x4c ./Middlewares/Third_Party/FreeRTOS/Source/tasks.o
                0x0800a034                vTaskPlaceOnEventList
 .text.vTaskPlaceOnUnorderedEventList
                0x0800a080       0x7c ./Middlewares/Third_Party/FreeRTOS/Source/tasks.o
                0x0800a080                vTaskPlaceOnUnorderedEventList
 .text.vTaskPlaceOnEventListRestricted
                0x0800a0fc       0x58 ./Middlewares/Third_Party/FreeRTOS/Source/tasks.o
                0x0800a0fc                vTaskPlaceOnEventListRestricted
 .text.xTaskRemoveFromEventList
                0x0800a154       0xc8 ./Middlewares/Third_Party/FreeRTOS/Source/tasks.o
                0x0800a154                xTaskRemoveFromEventList
 .text.vTaskRemoveFromUnorderedEventList
                0x0800a21c       0xc8 ./Middlewares/Third_Party/FreeRTOS/Source/tasks.o
                0x0800a21c                vTaskRemoveFromUnorderedEventList
 .text.vTaskInternalSetTimeOutState
                0x0800a2e4       0x2c ./Middlewares/Third_Party/FreeRTOS/Source/tasks.o
                0x0800a2e4                vTaskInternalSetTimeOutState
 .text.xTaskCheckForTimeOut
                0x0800a310       0xc8 ./Middlewares/Third_Party/FreeRTOS/Source/tasks.o
                0x0800a310                xTaskCheckForTimeOut
 .text.vTaskMissedYield
                0x0800a3d8       0x18 ./Middlewares/Third_Party/FreeRTOS/Source/tasks.o
                0x0800a3d8                vTaskMissedYield
 .text.prvIdleTask
                0x0800a3f0       0x30 ./Middlewares/Third_Party/FreeRTOS/Source/tasks.o
 .text.prvInitialiseTaskLists
                0x0800a420       0x80 ./Middlewares/Third_Party/FreeRTOS/Source/tasks.o
 .text.prvCheckTasksWaitingTermination
                0x0800a4a0       0x5c ./Middlewares/Third_Party/FreeRTOS/Source/tasks.o
 .text.prvDeleteTCB
                0x0800a4fc       0x60 ./Middlewares/Third_Party/FreeRTOS/Source/tasks.o
 .text.prvResetNextTaskUnblockTime
                0x0800a55c       0x40 ./Middlewares/Third_Party/FreeRTOS/Source/tasks.o
 .text.xTaskGetCurrentTaskHandle
                0x0800a59c       0x20 ./Middlewares/Third_Party/FreeRTOS/Source/tasks.o
                0x0800a59c                xTaskGetCurrentTaskHandle
 .text.xTaskGetSchedulerState
                0x0800a5bc       0x3c ./Middlewares/Third_Party/FreeRTOS/Source/tasks.o
                0x0800a5bc                xTaskGetSchedulerState
 .text.xTaskPriorityInherit
                0x0800a5f8       0xd0 ./Middlewares/Third_Party/FreeRTOS/Source/tasks.o
                0x0800a5f8                xTaskPriorityInherit
 .text.xTaskPriorityDisinherit
                0x0800a6c8       0xe0 ./Middlewares/Third_Party/FreeRTOS/Source/tasks.o
                0x0800a6c8                xTaskPriorityDisinherit
 .text.vTaskPriorityDisinheritAfterTimeout
                0x0800a7a8      0x108 ./Middlewares/Third_Party/FreeRTOS/Source/tasks.o
                0x0800a7a8                vTaskPriorityDisinheritAfterTimeout
 .text.uxTaskResetEventItemValue
                0x0800a8b0       0x30 ./Middlewares/Third_Party/FreeRTOS/Source/tasks.o
                0x0800a8b0                uxTaskResetEventItemValue
 .text.pvTaskIncrementMutexHeldCount
                0x0800a8e0       0x28 ./Middlewares/Third_Party/FreeRTOS/Source/tasks.o
                0x0800a8e0                pvTaskIncrementMutexHeldCount
 .text.prvAddCurrentTaskToDelayedList
                0x0800a908       0xa8 ./Middlewares/Third_Party/FreeRTOS/Source/tasks.o
 .text.xTimerCreateTimerTask
                0x0800a9b0       0x94 ./Middlewares/Third_Party/FreeRTOS/Source/timers.o
                0x0800a9b0                xTimerCreateTimerTask
 .text.xTimerGenericCommand
                0x0800aa44       0x9c ./Middlewares/Third_Party/FreeRTOS/Source/timers.o
                0x0800aa44                xTimerGenericCommand
 .text.prvProcessExpiredTimer
                0x0800aae0       0x9c ./Middlewares/Third_Party/FreeRTOS/Source/timers.o
 .text.prvTimerTask
                0x0800ab7c       0x26 ./Middlewares/Third_Party/FreeRTOS/Source/timers.o
 *fill*         0x0800aba2        0x2 
 .text.prvProcessTimerOrBlockTask
                0x0800aba4       0x9c ./Middlewares/Third_Party/FreeRTOS/Source/timers.o
 .text.prvGetNextExpireTime
                0x0800ac40       0x48 ./Middlewares/Third_Party/FreeRTOS/Source/timers.o
 .text.prvSampleTimeNow
                0x0800ac88       0x40 ./Middlewares/Third_Party/FreeRTOS/Source/timers.o
 .text.prvInsertTimerInActiveList
                0x0800acc8       0x84 ./Middlewares/Third_Party/FreeRTOS/Source/timers.o
 .text.prvProcessReceivedCommands
                0x0800ad4c      0x1cc ./Middlewares/Third_Party/FreeRTOS/Source/timers.o
 .text.prvSwitchTimerLists
                0x0800af18       0xcc ./Middlewares/Third_Party/FreeRTOS/Source/timers.o
 .text.prvCheckForValidListAndQueue
                0x0800afe4       0x80 ./Middlewares/Third_Party/FreeRTOS/Source/timers.o
 .text.xTimerPendFunctionCallFromISR
                0x0800b064       0x40 ./Middlewares/Third_Party/FreeRTOS/Source/timers.o
                0x0800b064                xTimerPendFunctionCallFromISR
 .text.pxPortInitialiseStack
                0x0800b0a4       0x68 ./Middlewares/Third_Party/FreeRTOS/Source/portable/GCC/ARM_CM4F/port.o
                0x0800b0a4                pxPortInitialiseStack
 .text.prvTaskExitError
                0x0800b10c       0x5c ./Middlewares/Third_Party/FreeRTOS/Source/portable/GCC/ARM_CM4F/port.o
 *fill*         0x0800b168        0x8 
 .text.SVC_Handler
                0x0800b170       0x28 ./Middlewares/Third_Party/FreeRTOS/Source/portable/GCC/ARM_CM4F/port.o
                0x0800b170                SVC_Handler
 .text.prvPortStartFirstTask
                0x0800b198       0x28 ./Middlewares/Third_Party/FreeRTOS/Source/portable/GCC/ARM_CM4F/port.o
 .text.xPortStartScheduler
                0x0800b1c0      0x148 ./Middlewares/Third_Party/FreeRTOS/Source/portable/GCC/ARM_CM4F/port.o
                0x0800b1c0                xPortStartScheduler
 .text.vPortEnterCritical
                0x0800b308       0x64 ./Middlewares/Third_Party/FreeRTOS/Source/portable/GCC/ARM_CM4F/port.o
                0x0800b308                vPortEnterCritical
 .text.vPortExitCritical
                0x0800b36c       0x54 ./Middlewares/Third_Party/FreeRTOS/Source/portable/GCC/ARM_CM4F/port.o
                0x0800b36c                vPortExitCritical
 .text.PendSV_Handler
                0x0800b3c0       0x68 ./Middlewares/Third_Party/FreeRTOS/Source/portable/GCC/ARM_CM4F/port.o
                0x0800b3c0                PendSV_Handler
 .text.xPortSysTickHandler
                0x0800b428       0x44 ./Middlewares/Third_Party/FreeRTOS/Source/portable/GCC/ARM_CM4F/port.o
                0x0800b428                xPortSysTickHandler
 .text.vPortSetupTimerInterrupt
                0x0800b46c       0x48 ./Middlewares/Third_Party/FreeRTOS/Source/portable/GCC/ARM_CM4F/port.o
                0x0800b46c                vPortSetupTimerInterrupt
 .text.vPortEnableVFP
                0x0800b4b4       0x14 ./Middlewares/Third_Party/FreeRTOS/Source/portable/GCC/ARM_CM4F/port.o
 .text.vPortValidateInterruptPriority
                0x0800b4c8       0x84 ./Middlewares/Third_Party/FreeRTOS/Source/portable/GCC/ARM_CM4F/port.o
                0x0800b4c8                vPortValidateInterruptPriority
 .text.pvPortMalloc
                0x0800b54c      0x19c ./Middlewares/Third_Party/FreeRTOS/Source/portable/MemMang/heap_4.o
                0x0800b54c                pvPortMalloc
 .text.vPortFree
                0x0800b6e8       0xc8 ./Middlewares/Third_Party/FreeRTOS/Source/portable/MemMang/heap_4.o
                0x0800b6e8                vPortFree
 .text.prvHeapInit
                0x0800b7b0       0xc4 ./Middlewares/Third_Party/FreeRTOS/Source/portable/MemMang/heap_4.o
 .text.prvInsertBlockIntoFreeList
                0x0800b874       0xb4 ./Middlewares/Third_Party/FreeRTOS/Source/portable/MemMang/heap_4.o
 .text.memset   0x0800b928       0x10 C:/ST/STM32CubeIDE_1.15.0/STM32CubeIDE/plugins/com.st.stm32cube.ide.mcu.externaltools.gnu-tools-for-stm32.13.3.rel1.win32_1.0.0.202411081344/tools/bin/../lib/gcc/arm-none-eabi/13.3.1/../../../../arm-none-eabi/lib/thumb/v7e-m+dp/hard\libc_nano.a(libc_a-memset.o)
                0x0800b928                memset
 .text.__libc_init_array
                0x0800b938       0x48 C:/ST/STM32CubeIDE_1.15.0/STM32CubeIDE/plugins/com.st.stm32cube.ide.mcu.externaltools.gnu-tools-for-stm32.13.3.rel1.win32_1.0.0.202411081344/tools/bin/../lib/gcc/arm-none-eabi/13.3.1/../../../../arm-none-eabi/lib/thumb/v7e-m+dp/hard\libc_nano.a(libc_a-init.o)
                0x0800b938                __libc_init_array
 .text.memcpy   0x0800b980       0x1c C:/ST/STM32CubeIDE_1.15.0/STM32CubeIDE/plugins/com.st.stm32cube.ide.mcu.externaltools.gnu-tools-for-stm32.13.3.rel1.win32_1.0.0.202411081344/tools/bin/../lib/gcc/arm-none-eabi/13.3.1/../../../../arm-none-eabi/lib/thumb/v7e-m+dp/hard\libc_nano.a(libc_a-memcpy-stub.o)
                0x0800b980                memcpy
 *(.glue_7)
 .glue_7        0x0800b99c        0x0 linker stubs
 *(.glue_7t)
 .glue_7t       0x0800b99c        0x0 linker stubs
 *(.eh_frame)
 .eh_frame      0x0800b99c        0x0 C:/ST/STM32CubeIDE_1.15.0/STM32CubeIDE/plugins/com.st.stm32cube.ide.mcu.externaltools.gnu-tools-for-stm32.13.3.rel1.win32_1.0.0.202411081344/tools/bin/../lib/gcc/arm-none-eabi/13.3.1/thumb/v7e-m+dp/hard/crtbegin.o
 *(.init)
 .init          0x0800b99c        0x4 C:/ST/STM32CubeIDE_1.15.0/STM32CubeIDE/plugins/com.st.stm32cube.ide.mcu.externaltools.gnu-tools-for-stm32.13.3.rel1.win32_1.0.0.202411081344/tools/bin/../lib/gcc/arm-none-eabi/13.3.1/thumb/v7e-m+dp/hard/crti.o
                0x0800b99c                _init
 .init          0x0800b9a0        0x8 C:/ST/STM32CubeIDE_1.15.0/STM32CubeIDE/plugins/com.st.stm32cube.ide.mcu.externaltools.gnu-tools-for-stm32.13.3.rel1.win32_1.0.0.202411081344/tools/bin/../lib/gcc/arm-none-eabi/13.3.1/thumb/v7e-m+dp/hard/crtn.o
 *(.fini)
 .fini          0x0800b9a8        0x4 C:/ST/STM32CubeIDE_1.15.0/STM32CubeIDE/plugins/com.st.stm32cube.ide.mcu.externaltools.gnu-tools-for-stm32.13.3.rel1.win32_1.0.0.202411081344/tools/bin/../lib/gcc/arm-none-eabi/13.3.1/thumb/v7e-m+dp/hard/crti.o
                0x0800b9a8                _fini
 .fini          0x0800b9ac        0x8 C:/ST/STM32CubeIDE_1.15.0/STM32CubeIDE/plugins/com.st.stm32cube.ide.mcu.externaltools.gnu-tools-for-stm32.13.3.rel1.win32_1.0.0.202411081344/tools/bin/../lib/gcc/arm-none-eabi/13.3.1/thumb/v7e-m+dp/hard/crtn.o
                0x0800b9b4                        . = ALIGN (0x4)
                0x0800b9b4                        _etext = .

.vfp11_veneer   0x0800b9b4        0x0
 .vfp11_veneer  0x0800b9b4        0x0 linker stubs

.v4_bx          0x0800b9b4        0x0
 .v4_bx         0x0800b9b4        0x0 linker stubs

.iplt           0x0800b9b4        0x0
 .iplt          0x0800b9b4        0x0 C:/ST/STM32CubeIDE_1.15.0/STM32CubeIDE/plugins/com.st.stm32cube.ide.mcu.externaltools.gnu-tools-for-stm32.13.3.rel1.win32_1.0.0.202411081344/tools/bin/../lib/gcc/arm-none-eabi/13.3.1/thumb/v7e-m+dp/hard/crtbegin.o

.rodata         0x0800b9b4      0x114
                0x0800b9b4                        . = ALIGN (0x4)
 *(.rodata)
 .rodata        0x0800b9b4       0x33 ./Core/Src/main.o
 *fill*         0x0800b9e7        0x1 
 .rodata        0x0800b9e8        0x5 ./Middlewares/Third_Party/FreeRTOS/Source/tasks.o
 *fill*         0x0800b9ed        0x3 
 .rodata        0x0800b9f0        0xd ./Middlewares/Third_Party/FreeRTOS/Source/timers.o
 *(.rodata*)
 *fill*         0x0800b9fd        0x3 
 .rodata.uartQueue_attributes
                0x0800ba00       0x18 ./Core/Src/main.o
                0x0800ba00                uartQueue_attributes
 .rodata.defaultTask_attributes
                0x0800ba18       0x24 ./Core/Src/main.o
                0x0800ba18                defaultTask_attributes
 .rodata.uartEchoTask_attributes
                0x0800ba3c       0x24 ./Core/Src/main.o
                0x0800ba3c                uartEchoTask_attributes
 .rodata.buttonTask_attributes
                0x0800ba60       0x24 ./Core/Src/main.o
                0x0800ba60                buttonTask_attributes
 .rodata.D1CorePrescTable
                0x0800ba84       0x10 ./Core/Src/system_stm32h7xx.o
                0x0800ba84                D1CorePrescTable
 .rodata.LED_PIN
                0x0800ba94        0x6 ./Drivers/BSP/STM32H7xx_Nucleo/stm32h7xx_nucleo.o
 *fill*         0x0800ba9a        0x2 
 .rodata.BUTTON_EXTI_LINE.2
                0x0800ba9c        0x4 ./Drivers/BSP/STM32H7xx_Nucleo/stm32h7xx_nucleo.o
 .rodata.UARTPrescTable
                0x0800baa0       0x18 ./Drivers/STM32H7xx_HAL_Driver/Src/stm32h7xx_hal_uart.o
                0x0800baa0                UARTPrescTable
 .rodata.numerator.1
                0x0800bab8        0x8 ./Drivers/STM32H7xx_HAL_Driver/Src/stm32h7xx_hal_uart_ex.o
 .rodata.denominator.0
                0x0800bac0        0x8 ./Drivers/STM32H7xx_HAL_Driver/Src/stm32h7xx_hal_uart_ex.o
                0x0800bac8                        . = ALIGN (0x4)

.ARM.extab
 *(.ARM.extab* .gnu.linkonce.armextab.*)

.ARM            0x0800bac8        0x8
                0x0800bac8                        __exidx_start = .
 *(.ARM.exidx*)
 .ARM.exidx     0x0800bac8        0x8 C:/ST/STM32CubeIDE_1.15.0/STM32CubeIDE/plugins/com.st.stm32cube.ide.mcu.externaltools.gnu-tools-for-stm32.13.3.rel1.win32_1.0.0.202411081344/tools/bin/../lib/gcc/arm-none-eabi/13.3.1/thumb/v7e-m+dp/hard\libgcc.a(_udivmoddi4.o)
                0x0800bad0                        __exidx_end = .

.preinit_array  0x0800bad0        0x0
                0x0800bad0                        PROVIDE (__preinit_array_start = .)
 *(.preinit_array*)
                0x0800bad0                        PROVIDE (__preinit_array_end = .)

.init_array     0x0800bad0        0x4
                0x0800bad0                        PROVIDE (__init_array_start = .)
 *(SORT_BY_NAME(.init_array.*))
 *(.init_array*)
 .init_array    0x0800bad0        0x4 C:/ST/STM32CubeIDE_1.15.0/STM32CubeIDE/plugins/com.st.stm32cube.ide.mcu.externaltools.gnu-tools-for-stm32.13.3.rel1.win32_1.0.0.202411081344/tools/bin/../lib/gcc/arm-none-eabi/13.3.1/thumb/v7e-m+dp/hard/crtbegin.o
                0x0800bad4                        PROVIDE (__init_array_end = .)

.fini_array     0x0800bad4        0x4
                [!provide]                        PROVIDE (__fini_array_start = .)
 *(SORT_BY_NAME(.fini_array.*))
 *(.fini_array*)
 .fini_array    0x0800bad4        0x4 C:/ST/STM32CubeIDE_1.15.0/STM32CubeIDE/plugins/com.st.stm32cube.ide.mcu.externaltools.gnu-tools-for-stm32.13.3.rel1.win32_1.0.0.202411081344/tools/bin/../lib/gcc/arm-none-eabi/13.3.1/thumb/v7e-m+dp/hard/crtbegin.o
                [!provide]                        PROVIDE (__fini_array_end = .)
                0x0800bad8                        _sidata = LOADADDR (.data)

.rel.dyn        0x0800bad8        0x0
 .rel.iplt      0x0800bad8        0x0 C:/ST/STM32CubeIDE_1.15.0/STM32CubeIDE/plugins/com.st.stm32cube.ide.mcu.externaltools.gnu-tools-for-stm32.13.3.rel1.win32_1.0.0.202411081344/tools/bin/../lib/gcc/arm-none-eabi/13.3.1/thumb/v7e-m+dp/hard/crtbegin.o

.data           0x24000000       0x2c load address 0x0800bad8
                0x24000000                        . = ALIGN (0x4)
                0x24000000                        _sdata = .
 *(.data)
 *(.data*)
 .data.SystemCoreClock
                0x24000000        0x4 ./Core/Src/system_stm32h7xx.o
                0x24000000                SystemCoreClock
 .data.SystemD2Clock
                0x24000004        0x4 ./Core/Src/system_stm32h7xx.o
                0x24000004                SystemD2Clock
 .data.LED_PORT
                0x24000008        0xc ./Drivers/BSP/STM32H7xx_Nucleo/stm32h7xx_nucleo.o
 .data.BUTTON_PORT
                0x24000014        0x4 ./Drivers/BSP/STM32H7xx_Nucleo/stm32h7xx_nucleo.o
 .data.ButtonCallback.1
                0x24000018        0x4 ./Drivers/BSP/STM32H7xx_Nucleo/stm32h7xx_nucleo.o
 .data.BSP_BUTTON_PRIO.0
                0x2400001c        0x4 ./Drivers/BSP/STM32H7xx_Nucleo/stm32h7xx_nucleo.o
 .data.uwTickPrio
                0x24000020        0x4 ./Drivers/STM32H7xx_HAL_Driver/Src/stm32h7xx_hal.o
                0x24000020                uwTickPrio
 .data.uwTickFreq
                0x24000024        0x1 ./Drivers/STM32H7xx_HAL_Driver/Src/stm32h7xx_hal.o
                0x24000024                uwTickFreq
 *fill*         0x24000025        0x3 
 .data.uxCriticalNesting
                0x24000028        0x4 ./Middlewares/Third_Party/FreeRTOS/Source/portable/GCC/ARM_CM4F/port.o
 *(.RamFunc)
 *(.RamFunc*)
                0x2400002c                        . = ALIGN (0x4)
                0x2400002c                        _edata = .

.igot.plt       0x2400002c        0x0 load address 0x0800bb04
 .igot.plt      0x2400002c        0x0 C:/ST/STM32CubeIDE_1.15.0/STM32CubeIDE/plugins/com.st.stm32cube.ide.mcu.externaltools.gnu-tools-for-stm32.13.3.rel1.win32_1.0.0.202411081344/tools/bin/../lib/gcc/arm-none-eabi/13.3.1/thumb/v7e-m+dp/hard/crtbegin.o
                0x2400002c                        . = ALIGN (0x4)

.bss            0x2400002c     0x4a48 load address 0x0800bb04
                0x2400002c                        _sbss = .
                0x2400002c                        __bss_start__ = _sbss
 *(.bss)
 .bss           0x2400002c       0x1c C:/ST/STM32CubeIDE_1.15.0/STM32CubeIDE/plugins/com.st.stm32cube.ide.mcu.externaltools.gnu-tools-for-stm32.13.3.rel1.win32_1.0.0.202411081344/tools/bin/../lib/gcc/arm-none-eabi/13.3.1/thumb/v7e-m+dp/hard/crtbegin.o
 *(.bss*)
 .bss.buffer    0x24000048        0xf ./Core/Src/main.o
                0x24000048                buffer
 *fill*         0x24000057        0x1 
 .bss.frameCopy
                0x24000058        0xf ./Core/Src/main.o
                0x24000058                frameCopy
 *fill*         0x24000067        0x1 
 .bss.uartEventFlag
                0x24000068        0x4 ./Core/Src/main.o
                0x24000068                uartEventFlag
 .bss.Frame_Length
                0x2400006c        0x1 ./Core/Src/main.o
                0x2400006c                Frame_Length
 *fill*         0x2400006d        0x3 
 .bss.huart1    0x24000070       0x94 ./Core/Src/main.o
                0x24000070                huart1
 .bss.uartQueueHandle
                0x24000104        0x4 ./Core/Src/main.o
                0x24000104                uartQueueHandle
 .bss.frameMutex
                0x24000108        0x4 ./Core/Src/main.o
                0x24000108                frameMutex
 .bss.rxByte    0x2400010c        0x1 ./Core/Src/main.o
                0x2400010c                rxByte
 *fill*         0x2400010d        0x3 
 .bss.defaultTaskHandle
                0x24000110        0x4 ./Core/Src/main.o
                0x24000110                defaultTaskHandle
 .bss.buttonTask
                0x24000114        0x4 ./Core/Src/main.o
                0x24000114                buttonTask
 .bss.hpb_exti  0x24000118        0x8 ./Drivers/BSP/STM32H7xx_Nucleo/stm32h7xx_nucleo.o
                0x24000118                hpb_exti
 .bss.uwTick    0x24000120        0x4 ./Drivers/STM32H7xx_HAL_Driver/Src/stm32h7xx_hal.o
                0x24000120                uwTick
 .bss.KernelState
                0x24000124        0x4 ./Middlewares/Third_Party/FreeRTOS/Source/CMSIS_RTOS_V2/cmsis_os2.o
 .bss.Idle_TCB.3
                0x24000128       0x5c ./Middlewares/Third_Party/FreeRTOS/Source/CMSIS_RTOS_V2/cmsis_os2.o
 .bss.Idle_Stack.2
                0x24000184      0x200 ./Middlewares/Third_Party/FreeRTOS/Source/CMSIS_RTOS_V2/cmsis_os2.o
 .bss.Timer_TCB.1
                0x24000384       0x5c ./Middlewares/Third_Party/FreeRTOS/Source/CMSIS_RTOS_V2/cmsis_os2.o
 .bss.Timer_Stack.0
                0x240003e0      0x400 ./Middlewares/Third_Party/FreeRTOS/Source/CMSIS_RTOS_V2/cmsis_os2.o
 .bss.xQueueRegistry
                0x240007e0       0x40 ./Middlewares/Third_Party/FreeRTOS/Source/queue.o
                0x240007e0                xQueueRegistry
 .bss.pxCurrentTCB
                0x24000820        0x4 ./Middlewares/Third_Party/FreeRTOS/Source/tasks.o
                0x24000820                pxCurrentTCB
 .bss.pxReadyTasksLists
                0x24000824      0x460 ./Middlewares/Third_Party/FreeRTOS/Source/tasks.o
 .bss.xDelayedTaskList1
                0x24000c84       0x14 ./Middlewares/Third_Party/FreeRTOS/Source/tasks.o
 .bss.xDelayedTaskList2
                0x24000c98       0x14 ./Middlewares/Third_Party/FreeRTOS/Source/tasks.o
 .bss.pxDelayedTaskList
                0x24000cac        0x4 ./Middlewares/Third_Party/FreeRTOS/Source/tasks.o
 .bss.pxOverflowDelayedTaskList
                0x24000cb0        0x4 ./Middlewares/Third_Party/FreeRTOS/Source/tasks.o
 .bss.xPendingReadyList
                0x24000cb4       0x14 ./Middlewares/Third_Party/FreeRTOS/Source/tasks.o
 .bss.xTasksWaitingTermination
                0x24000cc8       0x14 ./Middlewares/Third_Party/FreeRTOS/Source/tasks.o
 .bss.uxDeletedTasksWaitingCleanUp
                0x24000cdc        0x4 ./Middlewares/Third_Party/FreeRTOS/Source/tasks.o
 .bss.xSuspendedTaskList
                0x24000ce0       0x14 ./Middlewares/Third_Party/FreeRTOS/Source/tasks.o
 .bss.uxCurrentNumberOfTasks
                0x24000cf4        0x4 ./Middlewares/Third_Party/FreeRTOS/Source/tasks.o
 .bss.xTickCount
                0x24000cf8        0x4 ./Middlewares/Third_Party/FreeRTOS/Source/tasks.o
 .bss.uxTopReadyPriority
                0x24000cfc        0x4 ./Middlewares/Third_Party/FreeRTOS/Source/tasks.o
 .bss.xSchedulerRunning
                0x24000d00        0x4 ./Middlewares/Third_Party/FreeRTOS/Source/tasks.o
 .bss.xPendedTicks
                0x24000d04        0x4 ./Middlewares/Third_Party/FreeRTOS/Source/tasks.o
 .bss.xYieldPending
                0x24000d08        0x4 ./Middlewares/Third_Party/FreeRTOS/Source/tasks.o
 .bss.xNumOfOverflows
                0x24000d0c        0x4 ./Middlewares/Third_Party/FreeRTOS/Source/tasks.o
 .bss.uxTaskNumber
                0x24000d10        0x4 ./Middlewares/Third_Party/FreeRTOS/Source/tasks.o
 .bss.xNextTaskUnblockTime
                0x24000d14        0x4 ./Middlewares/Third_Party/FreeRTOS/Source/tasks.o
 .bss.xIdleTaskHandle
                0x24000d18        0x4 ./Middlewares/Third_Party/FreeRTOS/Source/tasks.o
 .bss.uxSchedulerSuspended
                0x24000d1c        0x4 ./Middlewares/Third_Party/FreeRTOS/Source/tasks.o
 .bss.xActiveTimerList1
                0x24000d20       0x14 ./Middlewares/Third_Party/FreeRTOS/Source/timers.o
 .bss.xActiveTimerList2
                0x24000d34       0x14 ./Middlewares/Third_Party/FreeRTOS/Source/timers.o
 .bss.pxCurrentTimerList
                0x24000d48        0x4 ./Middlewares/Third_Party/FreeRTOS/Source/timers.o
 .bss.pxOverflowTimerList
                0x24000d4c        0x4 ./Middlewares/Third_Party/FreeRTOS/Source/timers.o
 .bss.xTimerQueue
                0x24000d50        0x4 ./Middlewares/Third_Party/FreeRTOS/Source/timers.o
 .bss.xTimerTaskHandle
                0x24000d54        0x4 ./Middlewares/Third_Party/FreeRTOS/Source/timers.o
 .bss.xLastTime.2
                0x24000d58        0x4 ./Middlewares/Third_Party/FreeRTOS/Source/timers.o
 .bss.ucStaticTimerQueueStorage.1
                0x24000d5c       0xa0 ./Middlewares/Third_Party/FreeRTOS/Source/timers.o
 .bss.xStaticTimerQueue.0
                0x24000dfc       0x50 ./Middlewares/Third_Party/FreeRTOS/Source/timers.o
 .bss.ucMaxSysCallPriority
                0x24000e4c        0x1 ./Middlewares/Third_Party/FreeRTOS/Source/portable/GCC/ARM_CM4F/port.o
 *fill*         0x24000e4d        0x3 
 .bss.ulMaxPRIGROUPValue
                0x24000e50        0x4 ./Middlewares/Third_Party/FreeRTOS/Source/portable/GCC/ARM_CM4F/port.o
 .bss.ucHeap    0x24000e54     0x3c00 ./Middlewares/Third_Party/FreeRTOS/Source/portable/MemMang/heap_4.o
 .bss.xStart    0x24004a54        0x8 ./Middlewares/Third_Party/FreeRTOS/Source/portable/MemMang/heap_4.o
 .bss.pxEnd     0x24004a5c        0x4 ./Middlewares/Third_Party/FreeRTOS/Source/portable/MemMang/heap_4.o
 .bss.xFreeBytesRemaining
                0x24004a60        0x4 ./Middlewares/Third_Party/FreeRTOS/Source/portable/MemMang/heap_4.o
 .bss.xMinimumEverFreeBytesRemaining
                0x24004a64        0x4 ./Middlewares/Third_Party/FreeRTOS/Source/portable/MemMang/heap_4.o
 .bss.xNumberOfSuccessfulAllocations
                0x24004a68        0x4 ./Middlewares/Third_Party/FreeRTOS/Source/portable/MemMang/heap_4.o
 .bss.xNumberOfSuccessfulFrees
                0x24004a6c        0x4 ./Middlewares/Third_Party/FreeRTOS/Source/portable/MemMang/heap_4.o
 .bss.xBlockAllocatedBit
                0x24004a70        0x4 ./Middlewares/Third_Party/FreeRTOS/Source/portable/MemMang/heap_4.o
 *(COMMON)
                0x24004a74                        . = ALIGN (0x4)
                0x24004a74                        _ebss = .
                0x24004a74                        __bss_end__ = _ebss

._user_heap_stack
                0x24004a74      0x604 load address 0x0800bb04
                0x24004a78                        . = ALIGN (0x8)
 *fill*         0x24004a74        0x4 
                [!provide]                        PROVIDE (end = .)
                0x24004a78                        PROVIDE (_end = .)
                0x24004c78                        . = (. + _Min_Heap_Size)
 *fill*         0x24004a78      0x200 
                0x24005078                        . = (. + _Min_Stack_Size)
 *fill*         0x24004c78      0x400 
                0x24005078                        . = ALIGN (0x8)

/DISCARD/
 libc.a(*)
 libm.a(*)
 libgcc.a(*)

.ARM.attributes
                0x00000000       0x2e
 *(.ARM.attributes)
 .ARM.attributes
                0x00000000       0x20 C:/ST/STM32CubeIDE_1.15.0/STM32CubeIDE/plugins/com.st.stm32cube.ide.mcu.externaltools.gnu-tools-for-stm32.13.3.rel1.win32_1.0.0.202411081344/tools/bin/../lib/gcc/arm-none-eabi/13.3.1/thumb/v7e-m+dp/hard/crti.o
 .ARM.attributes
                0x00000020       0x32 C:/ST/STM32CubeIDE_1.15.0/STM32CubeIDE/plugins/com.st.stm32cube.ide.mcu.externaltools.gnu-tools-for-stm32.13.3.rel1.win32_1.0.0.202411081344/tools/bin/../lib/gcc/arm-none-eabi/13.3.1/thumb/v7e-m+dp/hard/crtbegin.o
 .ARM.attributes
                0x00000052       0x32 ./Core/Src/main.o
 .ARM.attributes
                0x00000084       0x32 ./Core/Src/stm32h7xx_hal_msp.o
 .ARM.attributes
                0x000000b6       0x32 ./Core/Src/stm32h7xx_it.o
 .ARM.attributes
                0x000000e8       0x32 ./Core/Src/system_stm32h7xx.o
 .ARM.attributes
                0x0000011a       0x21 ./Core/Startup/startup_stm32h743zitx.o
 .ARM.attributes
                0x0000013b       0x32 ./Drivers/BSP/STM32H7xx_Nucleo/stm32h7xx_nucleo.o
 .ARM.attributes
                0x0000016d       0x32 ./Drivers/STM32H7xx_HAL_Driver/Src/stm32h7xx_hal.o
 .ARM.attributes
                0x0000019f       0x32 ./Drivers/STM32H7xx_HAL_Driver/Src/stm32h7xx_hal_cortex.o
 .ARM.attributes
                0x000001d1       0x32 ./Drivers/STM32H7xx_HAL_Driver/Src/stm32h7xx_hal_dma.o
 .ARM.attributes
                0x00000203       0x32 ./Drivers/STM32H7xx_HAL_Driver/Src/stm32h7xx_hal_exti.o
 .ARM.attributes
                0x00000235       0x32 ./Drivers/STM32H7xx_HAL_Driver/Src/stm32h7xx_hal_gpio.o
 .ARM.attributes
                0x00000267       0x32 ./Drivers/STM32H7xx_HAL_Driver/Src/stm32h7xx_hal_pwr_ex.o
 .ARM.attributes
                0x00000299       0x32 ./Drivers/STM32H7xx_HAL_Driver/Src/stm32h7xx_hal_rcc.o
 .ARM.attributes
                0x000002cb       0x32 ./Drivers/STM32H7xx_HAL_Driver/Src/stm32h7xx_hal_rcc_ex.o
 .ARM.attributes
                0x000002fd       0x32 ./Drivers/STM32H7xx_HAL_Driver/Src/stm32h7xx_hal_uart.o
 .ARM.attributes
                0x0000032f       0x32 ./Drivers/STM32H7xx_HAL_Driver/Src/stm32h7xx_hal_uart_ex.o
 .ARM.attributes
                0x00000361       0x32 ./Middlewares/Third_Party/FreeRTOS/Source/CMSIS_RTOS_V2/cmsis_os2.o
 .ARM.attributes
                0x00000393       0x32 ./Middlewares/Third_Party/FreeRTOS/Source/event_groups.o
 .ARM.attributes
                0x000003c5       0x32 ./Middlewares/Third_Party/FreeRTOS/Source/list.o
 .ARM.attributes
                0x000003f7       0x32 ./Middlewares/Third_Party/FreeRTOS/Source/queue.o
 .ARM.attributes
                0x00000429       0x32 ./Middlewares/Third_Party/FreeRTOS/Source/tasks.o
 .ARM.attributes
                0x0000045b       0x32 ./Middlewares/Third_Party/FreeRTOS/Source/timers.o
 .ARM.attributes
                0x0000048d       0x32 ./Middlewares/Third_Party/FreeRTOS/Source/portable/GCC/ARM_CM4F/port.o
 .ARM.attributes
                0x000004bf       0x32 ./Middlewares/Third_Party/FreeRTOS/Source/portable/MemMang/heap_4.o
 .ARM.attributes
                0x000004f1       0x32 C:/ST/STM32CubeIDE_1.15.0/STM32CubeIDE/plugins/com.st.stm32cube.ide.mcu.externaltools.gnu-tools-for-stm32.13.3.rel1.win32_1.0.0.202411081344/tools/bin/../lib/gcc/arm-none-eabi/13.3.1/../../../../arm-none-eabi/lib/thumb/v7e-m+dp/hard\libc_nano.a(libc_a-memset.o)
 .ARM.attributes
                0x00000523       0x32 C:/ST/STM32CubeIDE_1.15.0/STM32CubeIDE/plugins/com.st.stm32cube.ide.mcu.externaltools.gnu-tools-for-stm32.13.3.rel1.win32_1.0.0.202411081344/tools/bin/../lib/gcc/arm-none-eabi/13.3.1/../../../../arm-none-eabi/lib/thumb/v7e-m+dp/hard\libc_nano.a(libc_a-init.o)
 .ARM.attributes
                0x00000555       0x32 C:/ST/STM32CubeIDE_1.15.0/STM32CubeIDE/plugins/com.st.stm32cube.ide.mcu.externaltools.gnu-tools-for-stm32.13.3.rel1.win32_1.0.0.202411081344/tools/bin/../lib/gcc/arm-none-eabi/13.3.1/../../../../arm-none-eabi/lib/thumb/v7e-m+dp/hard\libc_nano.a(libc_a-memcpy-stub.o)
 .ARM.attributes
                0x00000587       0x20 C:/ST/STM32CubeIDE_1.15.0/STM32CubeIDE/plugins/com.st.stm32cube.ide.mcu.externaltools.gnu-tools-for-stm32.13.3.rel1.win32_1.0.0.202411081344/tools/bin/../lib/gcc/arm-none-eabi/13.3.1/thumb/v7e-m+dp/hard\libgcc.a(_aeabi_uldivmod.o)
 .ARM.attributes
                0x000005a7       0x32 C:/ST/STM32CubeIDE_1.15.0/STM32CubeIDE/plugins/com.st.stm32cube.ide.mcu.externaltools.gnu-tools-for-stm32.13.3.rel1.win32_1.0.0.202411081344/tools/bin/../lib/gcc/arm-none-eabi/13.3.1/thumb/v7e-m+dp/hard\libgcc.a(_udivmoddi4.o)
 .ARM.attributes
                0x000005d9       0x20 C:/ST/STM32CubeIDE_1.15.0/STM32CubeIDE/plugins/com.st.stm32cube.ide.mcu.externaltools.gnu-tools-for-stm32.13.3.rel1.win32_1.0.0.202411081344/tools/bin/../lib/gcc/arm-none-eabi/13.3.1/thumb/v7e-m+dp/hard\libgcc.a(_dvmd_tls.o)
 .ARM.attributes
                0x000005f9       0x20 C:/ST/STM32CubeIDE_1.15.0/STM32CubeIDE/plugins/com.st.stm32cube.ide.mcu.externaltools.gnu-tools-for-stm32.13.3.rel1.win32_1.0.0.202411081344/tools/bin/../lib/gcc/arm-none-eabi/13.3.1/thumb/v7e-m+dp/hard/crtn.o
OUTPUT(UART_MessageQueue_Tasks.elf elf32-littlearm)
LOAD linker stubs
LOAD C:/ST/STM32CubeIDE_1.15.0/STM32CubeIDE/plugins/com.st.stm32cube.ide.mcu.externaltools.gnu-tools-for-stm32.13.3.rel1.win32_1.0.0.202411081344/tools/bin/../lib/gcc/arm-none-eabi/13.3.1/../../../../arm-none-eabi/lib/thumb/v7e-m+dp/hard\libc.a
LOAD C:/ST/STM32CubeIDE_1.15.0/STM32CubeIDE/plugins/com.st.stm32cube.ide.mcu.externaltools.gnu-tools-for-stm32.13.3.rel1.win32_1.0.0.202411081344/tools/bin/../lib/gcc/arm-none-eabi/13.3.1/../../../../arm-none-eabi/lib/thumb/v7e-m+dp/hard\libm.a
LOAD C:/ST/STM32CubeIDE_1.15.0/STM32CubeIDE/plugins/com.st.stm32cube.ide.mcu.externaltools.gnu-tools-for-stm32.13.3.rel1.win32_1.0.0.202411081344/tools/bin/../lib/gcc/arm-none-eabi/13.3.1/thumb/v7e-m+dp/hard\libgcc.a

.debug_info     0x00000000    0x1d060
 .debug_info    0x00000000     0x1b63 ./Core/Src/main.o
 .debug_info    0x00001b63     0x1451 ./Core/Src/stm32h7xx_hal_msp.o
 .debug_info    0x00002fb4      0x878 ./Core/Src/stm32h7xx_it.o
 .debug_info    0x0000382c      0xdb2 ./Core/Src/system_stm32h7xx.o
 .debug_info    0x000045de       0x30 ./Core/Startup/startup_stm32h743zitx.o
 .debug_info    0x0000460e      0xfbc ./Drivers/BSP/STM32H7xx_Nucleo/stm32h7xx_nucleo.o
 .debug_info    0x000055ca     0x153b ./Drivers/STM32H7xx_HAL_Driver/Src/stm32h7xx_hal.o
 .debug_info    0x00006b05     0x10b1 ./Drivers/STM32H7xx_HAL_Driver/Src/stm32h7xx_hal_cortex.o
 .debug_info    0x00007bb6      0xc31 ./Drivers/STM32H7xx_HAL_Driver/Src/stm32h7xx_hal_dma.o
 .debug_info    0x000087e7      0x916 ./Drivers/STM32H7xx_HAL_Driver/Src/stm32h7xx_hal_exti.o
 .debug_info    0x000090fd      0xc5a ./Drivers/STM32H7xx_HAL_Driver/Src/stm32h7xx_hal_gpio.o
 .debug_info    0x00009d57     0x1012 ./Drivers/STM32H7xx_HAL_Driver/Src/stm32h7xx_hal_pwr_ex.o
 .debug_info    0x0000ad69      0xe6a ./Drivers/STM32H7xx_HAL_Driver/Src/stm32h7xx_hal_rcc.o
 .debug_info    0x0000bbd3     0x1225 ./Drivers/STM32H7xx_HAL_Driver/Src/stm32h7xx_hal_rcc_ex.o
 .debug_info    0x0000cdf8     0x4b1d ./Drivers/STM32H7xx_HAL_Driver/Src/stm32h7xx_hal_uart.o
 .debug_info    0x00011915      0xfbf ./Drivers/STM32H7xx_HAL_Driver/Src/stm32h7xx_hal_uart_ex.o
 .debug_info    0x000128d4     0x3d6c ./Middlewares/Third_Party/FreeRTOS/Source/CMSIS_RTOS_V2/cmsis_os2.o
 .debug_info    0x00016640      0xbd1 ./Middlewares/Third_Party/FreeRTOS/Source/event_groups.o
 .debug_info    0x00017211      0x2af ./Middlewares/Third_Party/FreeRTOS/Source/list.o
 .debug_info    0x000174c0     0x1b79 ./Middlewares/Third_Party/FreeRTOS/Source/queue.o
 .debug_info    0x00019039     0x21ec ./Middlewares/Third_Party/FreeRTOS/Source/tasks.o
 .debug_info    0x0001b225     0x1488 ./Middlewares/Third_Party/FreeRTOS/Source/timers.o
 .debug_info    0x0001c6ad      0x4de ./Middlewares/Third_Party/FreeRTOS/Source/portable/GCC/ARM_CM4F/port.o
 .debug_info    0x0001cb8b      0x4d5 ./Middlewares/Third_Party/FreeRTOS/Source/portable/MemMang/heap_4.o

.debug_abbrev   0x00000000     0x3d3f
 .debug_abbrev  0x00000000      0x335 ./Core/Src/main.o
 .debug_abbrev  0x00000335      0x20c ./Core/Src/stm32h7xx_hal_msp.o
 .debug_abbrev  0x00000541      0x198 ./Core/Src/stm32h7xx_it.o
 .debug_abbrev  0x000006d9      0x165 ./Core/Src/system_stm32h7xx.o
 .debug_abbrev  0x0000083e       0x24 ./Core/Startup/startup_stm32h743zitx.o
 .debug_abbrev  0x00000862      0x2d4 ./Drivers/BSP/STM32H7xx_Nucleo/stm32h7xx_nucleo.o
 .debug_abbrev  0x00000b36      0x295 ./Drivers/STM32H7xx_HAL_Driver/Src/stm32h7xx_hal.o
 .debug_abbrev  0x00000dcb      0x339 ./Drivers/STM32H7xx_HAL_Driver/Src/stm32h7xx_hal_cortex.o
 .debug_abbrev  0x00001104      0x248 ./Drivers/STM32H7xx_HAL_Driver/Src/stm32h7xx_hal_dma.o
 .debug_abbrev  0x0000134c      0x1df ./Drivers/STM32H7xx_HAL_Driver/Src/stm32h7xx_hal_exti.o
 .debug_abbrev  0x0000152b      0x205 ./Drivers/STM32H7xx_HAL_Driver/Src/stm32h7xx_hal_gpio.o
 .debug_abbrev  0x00001730      0x2a7 ./Drivers/STM32H7xx_HAL_Driver/Src/stm32h7xx_hal_pwr_ex.o
 .debug_abbrev  0x000019d7      0x2c8 ./Drivers/STM32H7xx_HAL_Driver/Src/stm32h7xx_hal_rcc.o
 .debug_abbrev  0x00001c9f      0x269 ./Drivers/STM32H7xx_HAL_Driver/Src/stm32h7xx_hal_rcc_ex.o
 .debug_abbrev  0x00001f08      0x33d ./Drivers/STM32H7xx_HAL_Driver/Src/stm32h7xx_hal_uart.o
 .debug_abbrev  0x00002245      0x2d2 ./Drivers/STM32H7xx_HAL_Driver/Src/stm32h7xx_hal_uart_ex.o
 .debug_abbrev  0x00002517      0x50a ./Middlewares/Third_Party/FreeRTOS/Source/CMSIS_RTOS_V2/cmsis_os2.o
 .debug_abbrev  0x00002a21      0x322 ./Middlewares/Third_Party/FreeRTOS/Source/event_groups.o
 .debug_abbrev  0x00002d43       0xf5 ./Middlewares/Third_Party/FreeRTOS/Source/list.o
 .debug_abbrev  0x00002e38      0x3b6 ./Middlewares/Third_Party/FreeRTOS/Source/queue.o
 .debug_abbrev  0x000031ee      0x386 ./Middlewares/Third_Party/FreeRTOS/Source/tasks.o
 .debug_abbrev  0x00003574      0x352 ./Middlewares/Third_Party/FreeRTOS/Source/timers.o
 .debug_abbrev  0x000038c6      0x25c ./Middlewares/Third_Party/FreeRTOS/Source/portable/GCC/ARM_CM4F/port.o
 .debug_abbrev  0x00003b22      0x21d ./Middlewares/Third_Party/FreeRTOS/Source/portable/MemMang/heap_4.o

.debug_aranges  0x00000000     0x1460
 .debug_aranges
                0x00000000       0x70 ./Core/Src/main.o
 .debug_aranges
                0x00000070       0x30 ./Core/Src/stm32h7xx_hal_msp.o
 .debug_aranges
                0x000000a0       0x60 ./Core/Src/stm32h7xx_it.o
 .debug_aranges
                0x00000100       0x30 ./Core/Src/system_stm32h7xx.o
 .debug_aranges
                0x00000130       0x28 ./Core/Startup/startup_stm32h743zitx.o
 .debug_aranges
                0x00000158       0x80 ./Drivers/BSP/STM32H7xx_Nucleo/stm32h7xx_nucleo.o
 .debug_aranges
                0x000001d8      0x198 ./Drivers/STM32H7xx_HAL_Driver/Src/stm32h7xx_hal.o
 .debug_aranges
                0x00000370      0x130 ./Drivers/STM32H7xx_HAL_Driver/Src/stm32h7xx_hal_cortex.o
 .debug_aranges
                0x000004a0       0xa0 ./Drivers/STM32H7xx_HAL_Driver/Src/stm32h7xx_hal_dma.o
 .debug_aranges
                0x00000540       0x60 ./Drivers/STM32H7xx_HAL_Driver/Src/stm32h7xx_hal_exti.o
 .debug_aranges
                0x000005a0       0x58 ./Drivers/STM32H7xx_HAL_Driver/Src/stm32h7xx_hal_gpio.o
 .debug_aranges
                0x000005f8      0x158 ./Drivers/STM32H7xx_HAL_Driver/Src/stm32h7xx_hal_pwr_ex.o
 .debug_aranges
                0x00000750       0x88 ./Drivers/STM32H7xx_HAL_Driver/Src/stm32h7xx_hal_rcc.o
 .debug_aranges
                0x000007d8       0xf8 ./Drivers/STM32H7xx_HAL_Driver/Src/stm32h7xx_hal_rcc_ex.o
 .debug_aranges
                0x000008d0      0x248 ./Drivers/STM32H7xx_HAL_Driver/Src/stm32h7xx_hal_uart.o
 .debug_aranges
                0x00000b18       0xa8 ./Drivers/STM32H7xx_HAL_Driver/Src/stm32h7xx_hal_uart_ex.o
 .debug_aranges
                0x00000bc0      0x2a8 ./Middlewares/Third_Party/FreeRTOS/Source/CMSIS_RTOS_V2/cmsis_os2.o
 .debug_aranges
                0x00000e68       0x90 ./Middlewares/Third_Party/FreeRTOS/Source/event_groups.o
 .debug_aranges
                0x00000ef8       0x40 ./Middlewares/Third_Party/FreeRTOS/Source/list.o
 .debug_aranges
                0x00000f38      0x158 ./Middlewares/Third_Party/FreeRTOS/Source/queue.o
 .debug_aranges
                0x00001090      0x208 ./Middlewares/Third_Party/FreeRTOS/Source/tasks.o
 .debug_aranges
                0x00001298       0xf0 ./Middlewares/Third_Party/FreeRTOS/Source/timers.o
 .debug_aranges
                0x00001388       0x80 ./Middlewares/Third_Party/FreeRTOS/Source/portable/GCC/ARM_CM4F/port.o
 .debug_aranges
                0x00001408       0x58 ./Middlewares/Third_Party/FreeRTOS/Source/portable/MemMang/heap_4.o

.debug_rnglists
                0x00000000      0xfab
 .debug_rnglists
                0x00000000       0x54 ./Core/Src/main.o
 .debug_rnglists
                0x00000054       0x20 ./Core/Src/stm32h7xx_hal_msp.o
 .debug_rnglists
                0x00000074       0x43 ./Core/Src/stm32h7xx_it.o
 .debug_rnglists
                0x000000b7       0x21 ./Core/Src/system_stm32h7xx.o
 .debug_rnglists
                0x000000d8       0x19 ./Core/Startup/startup_stm32h743zitx.o
 .debug_rnglists
                0x000000f1       0x5d ./Drivers/BSP/STM32H7xx_Nucleo/stm32h7xx_nucleo.o
 .debug_rnglists
                0x0000014e      0x131 ./Drivers/STM32H7xx_HAL_Driver/Src/stm32h7xx_hal.o
 .debug_rnglists
                0x0000027f       0xe0 ./Drivers/STM32H7xx_HAL_Driver/Src/stm32h7xx_hal_cortex.o
 .debug_rnglists
                0x0000035f       0x82 ./Drivers/STM32H7xx_HAL_Driver/Src/stm32h7xx_hal_dma.o
 .debug_rnglists
                0x000003e1       0x46 ./Drivers/STM32H7xx_HAL_Driver/Src/stm32h7xx_hal_exti.o
 .debug_rnglists
                0x00000427       0x3f ./Drivers/STM32H7xx_HAL_Driver/Src/stm32h7xx_hal_gpio.o
 .debug_rnglists
                0x00000466      0x103 ./Drivers/STM32H7xx_HAL_Driver/Src/stm32h7xx_hal_pwr_ex.o
 .debug_rnglists
                0x00000569       0x68 ./Drivers/STM32H7xx_HAL_Driver/Src/stm32h7xx_hal_rcc.o
 .debug_rnglists
                0x000005d1       0xc0 ./Drivers/STM32H7xx_HAL_Driver/Src/stm32h7xx_hal_rcc_ex.o
 .debug_rnglists
                0x00000691      0x1fa ./Drivers/STM32H7xx_HAL_Driver/Src/stm32h7xx_hal_uart.o
 .debug_rnglists
                0x0000088b       0x7f ./Drivers/STM32H7xx_HAL_Driver/Src/stm32h7xx_hal_uart_ex.o
 .debug_rnglists
                0x0000090a      0x20c ./Middlewares/Third_Party/FreeRTOS/Source/CMSIS_RTOS_V2/cmsis_os2.o
 .debug_rnglists
                0x00000b16       0x6a ./Middlewares/Third_Party/FreeRTOS/Source/event_groups.o
 .debug_rnglists
                0x00000b80       0x2b ./Middlewares/Third_Party/FreeRTOS/Source/list.o
 .debug_rnglists
                0x00000bab      0x109 ./Middlewares/Third_Party/FreeRTOS/Source/queue.o
 .debug_rnglists
                0x00000cb4      0x1a0 ./Middlewares/Third_Party/FreeRTOS/Source/tasks.o
 .debug_rnglists
                0x00000e54       0xb8 ./Middlewares/Third_Party/FreeRTOS/Source/timers.o
 .debug_rnglists
                0x00000f0c       0x5d ./Middlewares/Third_Party/FreeRTOS/Source/portable/GCC/ARM_CM4F/port.o
 .debug_rnglists
                0x00000f69       0x42 ./Middlewares/Third_Party/FreeRTOS/Source/portable/MemMang/heap_4.o

.debug_macro    0x00000000     0x4469
 .debug_macro   0x00000000      0x383 ./Core/Src/main.o
 .debug_macro   0x00000383      0x169 ./Core/Src/main.o
 .debug_macro   0x000004ec       0x66 ./Core/Src/main.o
 .debug_macro   0x00000552       0x74 ./Core/Src/main.o
 .debug_macro   0x000005c6       0xdd ./Core/Src/main.o
 .debug_macro   0x000006a3       0x16 ./Core/Src/main.o
 .debug_macro   0x000006b9       0x3c ./Core/Src/main.o
 .debug_macro   0x000006f5       0x20 ./Core/Src/main.o
 .debug_macro   0x00000715      0x2c3 ./Core/Src/stm32h7xx_hal_msp.o
 .debug_macro   0x000009d8      0x335 ./Core/Src/stm32h7xx_it.o
 .debug_macro   0x00000d0d      0x293 ./Core/Src/system_stm32h7xx.o
 .debug_macro   0x00000fa0      0x2ba ./Drivers/BSP/STM32H7xx_Nucleo/stm32h7xx_nucleo.o
 .debug_macro   0x0000125a       0x28 ./Drivers/BSP/STM32H7xx_Nucleo/stm32h7xx_nucleo.o
 .debug_macro   0x00001282      0x2bd ./Drivers/STM32H7xx_HAL_Driver/Src/stm32h7xx_hal.o
 .debug_macro   0x0000153f      0x293 ./Drivers/STM32H7xx_HAL_Driver/Src/stm32h7xx_hal_cortex.o
 .debug_macro   0x000017d2      0x2e7 ./Drivers/STM32H7xx_HAL_Driver/Src/stm32h7xx_hal_dma.o
 .debug_macro   0x00001ab9      0x2a1 ./Drivers/STM32H7xx_HAL_Driver/Src/stm32h7xx_hal_exti.o
 .debug_macro   0x00001d5a      0x29a ./Drivers/STM32H7xx_HAL_Driver/Src/stm32h7xx_hal_gpio.o
 .debug_macro   0x00001ff4      0x2cc ./Drivers/STM32H7xx_HAL_Driver/Src/stm32h7xx_hal_pwr_ex.o
 .debug_macro   0x000022c0      0x2b7 ./Drivers/STM32H7xx_HAL_Driver/Src/stm32h7xx_hal_rcc.o
 .debug_macro   0x00002577      0x2b1 ./Drivers/STM32H7xx_HAL_Driver/Src/stm32h7xx_hal_rcc_ex.o
 .debug_macro   0x00002828      0x2be ./Drivers/STM32H7xx_HAL_Driver/Src/stm32h7xx_hal_uart.o
 .debug_macro   0x00002ae6      0x29f ./Drivers/STM32H7xx_HAL_Driver/Src/stm32h7xx_hal_uart_ex.o
 .debug_macro   0x00002d85      0x3f2 ./Middlewares/Third_Party/FreeRTOS/Source/CMSIS_RTOS_V2/cmsis_os2.o
 .debug_macro   0x00003177       0x10 ./Middlewares/Third_Party/FreeRTOS/Source/CMSIS_RTOS_V2/cmsis_os2.o
 .debug_macro   0x00003187       0x10 ./Middlewares/Third_Party/FreeRTOS/Source/CMSIS_RTOS_V2/cmsis_os2.o
 .debug_macro   0x00003197       0xf5 ./Middlewares/Third_Party/FreeRTOS/Source/CMSIS_RTOS_V2/cmsis_os2.o
 .debug_macro   0x0000328c       0x91 ./Middlewares/Third_Party/FreeRTOS/Source/CMSIS_RTOS_V2/cmsis_os2.o
 .debug_macro   0x0000331d       0x8d ./Middlewares/Third_Party/FreeRTOS/Source/CMSIS_RTOS_V2/cmsis_os2.o
 .debug_macro   0x000033aa       0x9a ./Middlewares/Third_Party/FreeRTOS/Source/CMSIS_RTOS_V2/cmsis_os2.o
 .debug_macro   0x00003444       0x22 ./Middlewares/Third_Party/FreeRTOS/Source/CMSIS_RTOS_V2/cmsis_os2.o
 .debug_macro   0x00003466      0x1e2 ./Middlewares/Third_Party/FreeRTOS/Source/event_groups.o
 .debug_macro   0x00003648      0x11c ./Middlewares/Third_Party/FreeRTOS/Source/event_groups.o
 .debug_macro   0x00003764       0x9b ./Middlewares/Third_Party/FreeRTOS/Source/event_groups.o
 .debug_macro   0x000037ff      0x187 ./Middlewares/Third_Party/FreeRTOS/Source/list.o
 .debug_macro   0x00003986      0x216 ./Middlewares/Third_Party/FreeRTOS/Source/queue.o
 .debug_macro   0x00003b9c       0x87 ./Middlewares/Third_Party/FreeRTOS/Source/queue.o
 .debug_macro   0x00003c23      0x27f ./Middlewares/Third_Party/FreeRTOS/Source/tasks.o
 .debug_macro   0x00003ea2       0x10 ./Middlewares/Third_Party/FreeRTOS/Source/tasks.o
 .debug_macro   0x00003eb2      0x1dc ./Middlewares/Third_Party/FreeRTOS/Source/timers.o
 .debug_macro   0x0000408e       0x97 ./Middlewares/Third_Party/FreeRTOS/Source/timers.o
 .debug_macro   0x00004125      0x196 ./Middlewares/Third_Party/FreeRTOS/Source/portable/GCC/ARM_CM4F/port.o
 .debug_macro   0x000042bb      0x1ae ./Middlewares/Third_Party/FreeRTOS/Source/portable/MemMang/heap_4.o

.debug_line     0x00000000    0x1acd6
 .debug_line    0x00000000      0xd2e ./Core/Src/main.o
 .debug_line    0x00000d2e      0x990 ./Core/Src/stm32h7xx_hal_msp.o
 .debug_line    0x000016be      0xadf ./Core/Src/stm32h7xx_it.o
 .debug_line    0x0000219d      0xaa8 ./Core/Src/system_stm32h7xx.o
 .debug_line    0x00002c45       0x7b ./Core/Startup/startup_stm32h743zitx.o
 .debug_line    0x00002cc0      0xb59 ./Drivers/BSP/STM32H7xx_Nucleo/stm32h7xx_nucleo.o
 .debug_line    0x00003819      0xe81 ./Drivers/STM32H7xx_HAL_Driver/Src/stm32h7xx_hal.o
 .debug_line    0x0000469a      0xe6b ./Drivers/STM32H7xx_HAL_Driver/Src/stm32h7xx_hal_cortex.o
 .debug_line    0x00005505     0x2802 ./Drivers/STM32H7xx_HAL_Driver/Src/stm32h7xx_hal_dma.o
 .debug_line    0x00007d07      0xd35 ./Drivers/STM32H7xx_HAL_Driver/Src/stm32h7xx_hal_exti.o
 .debug_line    0x00008a3c      0xd0a ./Drivers/STM32H7xx_HAL_Driver/Src/stm32h7xx_hal_gpio.o
 .debug_line    0x00009746     0x1005 ./Drivers/STM32H7xx_HAL_Driver/Src/stm32h7xx_hal_pwr_ex.o
 .debug_line    0x0000a74b     0x1528 ./Drivers/STM32H7xx_HAL_Driver/Src/stm32h7xx_hal_rcc.o
 .debug_line    0x0000bc73     0x1e34 ./Drivers/STM32H7xx_HAL_Driver/Src/stm32h7xx_hal_rcc_ex.o
 .debug_line    0x0000daa7     0x3908 ./Drivers/STM32H7xx_HAL_Driver/Src/stm32h7xx_hal_uart.o
 .debug_line    0x000113af      0xe17 ./Drivers/STM32H7xx_HAL_Driver/Src/stm32h7xx_hal_uart_ex.o
 .debug_line    0x000121c6     0x2528 ./Middlewares/Third_Party/FreeRTOS/Source/CMSIS_RTOS_V2/cmsis_os2.o
 .debug_line    0x000146ee      0xb5f ./Middlewares/Third_Party/FreeRTOS/Source/event_groups.o
 .debug_line    0x0001524d      0x78c ./Middlewares/Third_Party/FreeRTOS/Source/list.o
 .debug_line    0x000159d9     0x16fd ./Middlewares/Third_Party/FreeRTOS/Source/queue.o
 .debug_line    0x000170d6     0x1c80 ./Middlewares/Third_Party/FreeRTOS/Source/tasks.o
 .debug_line    0x00018d56      0xdcc ./Middlewares/Third_Party/FreeRTOS/Source/timers.o
 .debug_line    0x00019b22      0x811 ./Middlewares/Third_Party/FreeRTOS/Source/portable/GCC/ARM_CM4F/port.o
 .debug_line    0x0001a333      0x9a3 ./Middlewares/Third_Party/FreeRTOS/Source/portable/MemMang/heap_4.o

.debug_str      0x00000000   0x16259f
 .debug_str     0x00000000   0x16259f ./Core/Src/main.o
                             0x158b27 (size before relaxing)
 .debug_str     0x0016259f   0x154159 ./Core/Src/stm32h7xx_hal_msp.o
 .debug_str     0x0016259f   0x157150 ./Core/Src/stm32h7xx_it.o
 .debug_str     0x0016259f   0x152b52 ./Core/Src/system_stm32h7xx.o
 .debug_str     0x0016259f       0x8e ./Core/Startup/startup_stm32h743zitx.o
 .debug_str     0x0016259f   0x153a68 ./Drivers/BSP/STM32H7xx_Nucleo/stm32h7xx_nucleo.o
 .debug_str     0x0016259f   0x153a29 ./Drivers/STM32H7xx_HAL_Driver/Src/stm32h7xx_hal.o
 .debug_str     0x0016259f   0x153464 ./Drivers/STM32H7xx_HAL_Driver/Src/stm32h7xx_hal_cortex.o
 .debug_str     0x0016259f   0x15324d ./Drivers/STM32H7xx_HAL_Driver/Src/stm32h7xx_hal_dma.o
 .debug_str     0x0016259f   0x152924 ./Drivers/STM32H7xx_HAL_Driver/Src/stm32h7xx_hal_exti.o
 .debug_str     0x0016259f   0x152aca ./Drivers/STM32H7xx_HAL_Driver/Src/stm32h7xx_hal_gpio.o
 .debug_str     0x0016259f   0x152f8b ./Drivers/STM32H7xx_HAL_Driver/Src/stm32h7xx_hal_pwr_ex.o
 .debug_str     0x0016259f   0x152eae ./Drivers/STM32H7xx_HAL_Driver/Src/stm32h7xx_hal_rcc.o
 .debug_str     0x0016259f   0x15338f ./Drivers/STM32H7xx_HAL_Driver/Src/stm32h7xx_hal_rcc_ex.o
 .debug_str     0x0016259f   0x1539ef ./Drivers/STM32H7xx_HAL_Driver/Src/stm32h7xx_hal_uart.o
 .debug_str     0x0016259f   0x152faf ./Drivers/STM32H7xx_HAL_Driver/Src/stm32h7xx_hal_uart_ex.o
 .debug_str     0x0016259f   0x15a69e ./Middlewares/Third_Party/FreeRTOS/Source/CMSIS_RTOS_V2/cmsis_os2.o
 .debug_str     0x0016259f     0xc127 ./Middlewares/Third_Party/FreeRTOS/Source/event_groups.o
 .debug_str     0x0016259f     0xac8e ./Middlewares/Third_Party/FreeRTOS/Source/list.o
 .debug_str     0x0016259f     0xc7ce ./Middlewares/Third_Party/FreeRTOS/Source/queue.o
 .debug_str     0x0016259f     0xd28b ./Middlewares/Third_Party/FreeRTOS/Source/tasks.o
 .debug_str     0x0016259f     0xcd00 ./Middlewares/Third_Party/FreeRTOS/Source/timers.o
 .debug_str     0x0016259f     0x8834 ./Middlewares/Third_Party/FreeRTOS/Source/portable/GCC/ARM_CM4F/port.o
 .debug_str     0x0016259f     0xb5d0 ./Middlewares/Third_Party/FreeRTOS/Source/portable/MemMang/heap_4.o

.comment        0x00000000       0x43
 .comment       0x00000000       0x43 ./Core/Src/main.o
                                 0x44 (size before relaxing)
 .comment       0x00000043       0x44 ./Core/Src/stm32h7xx_hal_msp.o
 .comment       0x00000043       0x44 ./Core/Src/stm32h7xx_it.o
 .comment       0x00000043       0x44 ./Core/Src/system_stm32h7xx.o
 .comment       0x00000043       0x44 ./Drivers/BSP/STM32H7xx_Nucleo/stm32h7xx_nucleo.o
 .comment       0x00000043       0x44 ./Drivers/STM32H7xx_HAL_Driver/Src/stm32h7xx_hal.o
 .comment       0x00000043       0x44 ./Drivers/STM32H7xx_HAL_Driver/Src/stm32h7xx_hal_cortex.o
 .comment       0x00000043       0x44 ./Drivers/STM32H7xx_HAL_Driver/Src/stm32h7xx_hal_dma.o
 .comment       0x00000043       0x44 ./Drivers/STM32H7xx_HAL_Driver/Src/stm32h7xx_hal_exti.o
 .comment       0x00000043       0x44 ./Drivers/STM32H7xx_HAL_Driver/Src/stm32h7xx_hal_gpio.o
 .comment       0x00000043       0x44 ./Drivers/STM32H7xx_HAL_Driver/Src/stm32h7xx_hal_pwr_ex.o
 .comment       0x00000043       0x44 ./Drivers/STM32H7xx_HAL_Driver/Src/stm32h7xx_hal_rcc.o
 .comment       0x00000043       0x44 ./Drivers/STM32H7xx_HAL_Driver/Src/stm32h7xx_hal_rcc_ex.o
 .comment       0x00000043       0x44 ./Drivers/STM32H7xx_HAL_Driver/Src/stm32h7xx_hal_uart.o
 .comment       0x00000043       0x44 ./Drivers/STM32H7xx_HAL_Driver/Src/stm32h7xx_hal_uart_ex.o
 .comment       0x00000043       0x44 ./Middlewares/Third_Party/FreeRTOS/Source/CMSIS_RTOS_V2/cmsis_os2.o
 .comment       0x00000043       0x44 ./Middlewares/Third_Party/FreeRTOS/Source/event_groups.o
 .comment       0x00000043       0x44 ./Middlewares/Third_Party/FreeRTOS/Source/list.o
 .comment       0x00000043       0x44 ./Middlewares/Third_Party/FreeRTOS/Source/queue.o