../Core/Src/main.c:53:6:ProcessFrame	24	static
../Core/Src/main.c:71:6:StartUARTEchoTask	16	static
../Core/Src/main.c:90:5:main	8	static
../Core/Src/main.c:125:6:HAL_UART_RxCpltCallback	16	static
../Core/Src/main.c:134:6:SystemClock_Config	120	static
../Core/Src/main.c:169:13:MX_USART1_UART_Init	8	static
../Core/Src/main.c:200:13:MX_GPIO_Init	24	static
../Core/Src/main.c:210:6:StartDefaultTask	24	static
../Core/Src/main.c:256:6:SbuttonTask	16	static
../Core/Src/main.c:270:6:MPU_Config	24	static
../Core/Src/main.c:292:6:Error_Handler	4	static,ignoring_inline_asm
